Archive member included because of file (symbol)

C:/Freescale/KSDK_1.3.0/examples/frdmkl26z/demo_apps/bubble_level_tpm/kds/../../../../../lib/ksdk_platform_lib/kds/KL26Z4/debug/libksdk_platform.a(fsl_uart_hal.o)
                              ./utilities/fsl_debug_console.o (UART_HAL_SetBaudRate)
C:/Freescale/KSDK_1.3.0/examples/frdmkl26z/demo_apps/bubble_level_tpm/kds/../../../../../lib/ksdk_platform_lib/kds/KL26Z4/debug/libksdk_platform.a(fsl_tpm_driver.o)
                              ./source/main.o (TPM_DRV_Init)
C:/Freescale/KSDK_1.3.0/examples/frdmkl26z/demo_apps/bubble_level_tpm/kds/../../../../../lib/ksdk_platform_lib/kds/KL26Z4/debug/libksdk_platform.a(fsl_lpsci_hal.o)
                              ./utilities/fsl_debug_console.o (LPSCI_HAL_SetBaudRate)
C:/Freescale/KSDK_1.3.0/examples/frdmkl26z/demo_apps/bubble_level_tpm/kds/../../../../../lib/ksdk_platform_lib/kds/KL26Z4/debug/libksdk_platform.a(fsl_i2c_master_driver.o)
                              ./source/main.o (I2C_DRV_MasterInit)
C:/Freescale/KSDK_1.3.0/examples/frdmkl26z/demo_apps/bubble_level_tpm/kds/../../../../../lib/ksdk_platform_lib/kds/KL26Z4/debug/libksdk_platform.a(fsl_i2c_common.o)
                              C:/Freescale/KSDK_1.3.0/examples/frdmkl26z/demo_apps/bubble_level_tpm/kds/../../../../../lib/ksdk_platform_lib/kds/KL26Z4/debug/libksdk_platform.a(fsl_i2c_master_driver.o) (g_i2cBase)
C:/Freescale/KSDK_1.3.0/examples/frdmkl26z/demo_apps/bubble_level_tpm/kds/../../../../../lib/ksdk_platform_lib/kds/KL26Z4/debug/libksdk_platform.a(fsl_i2c_shared_function.o)
                              ./source/fsl_i2c_irq.o (I2C_DRV_IRQHandler)
C:/Freescale/KSDK_1.3.0/examples/frdmkl26z/demo_apps/bubble_level_tpm/kds/../../../../../lib/ksdk_platform_lib/kds/KL26Z4/debug/libksdk_platform.a(fsl_gpio_driver.o)
                              ./source/main.o (GPIO_DRV_Init)
C:/Freescale/KSDK_1.3.0/examples/frdmkl26z/demo_apps/bubble_level_tpm/kds/../../../../../lib/ksdk_platform_lib/kds/KL26Z4/debug/libksdk_platform.a(fsl_clock_MKL26Z4.o)
                              ./board/board.o (CLOCK_SYS_SetSimConfigration)
C:/Freescale/KSDK_1.3.0/examples/frdmkl26z/demo_apps/bubble_level_tpm/kds/../../../../../lib/ksdk_platform_lib/kds/KL26Z4/debug/libksdk_platform.a(fsl_clock_manager.o)
                              C:/Freescale/KSDK_1.3.0/examples/frdmkl26z/demo_apps/bubble_level_tpm/kds/../../../../../lib/ksdk_platform_lib/kds/KL26Z4/debug/libksdk_platform.a(fsl_clock_MKL26Z4.o) (CLOCK_SYS_GetSystickFreq)
C:/Freescale/KSDK_1.3.0/examples/frdmkl26z/demo_apps/bubble_level_tpm/kds/../../../../../lib/ksdk_platform_lib/kds/KL26Z4/debug/libksdk_platform.a(fsl_clock_manager_common.o)
                              C:/Freescale/KSDK_1.3.0/examples/frdmkl26z/demo_apps/bubble_level_tpm/kds/../../../../../lib/ksdk_platform_lib/kds/KL26Z4/debug/libksdk_platform.a(fsl_clock_MKL26Z4.o) (g_oscBase)
C:/Freescale/KSDK_1.3.0/examples/frdmkl26z/demo_apps/bubble_level_tpm/kds/../../../../../lib/ksdk_platform_lib/kds/KL26Z4/debug/libksdk_platform.a(fsl_os_abstraction_bm.o)
                              C:/Freescale/KSDK_1.3.0/examples/frdmkl26z/demo_apps/bubble_level_tpm/kds/../../../../../lib/ksdk_platform_lib/kds/KL26Z4/debug/libksdk_platform.a(fsl_i2c_master_driver.o) (OSA_SemaCreate)
C:/Freescale/KSDK_1.3.0/examples/frdmkl26z/demo_apps/bubble_level_tpm/kds/../../../../../lib/ksdk_platform_lib/kds/KL26Z4/debug/libksdk_platform.a(fsl_tpm_hal.o)
                              C:/Freescale/KSDK_1.3.0/examples/frdmkl26z/demo_apps/bubble_level_tpm/kds/../../../../../lib/ksdk_platform_lib/kds/KL26Z4/debug/libksdk_platform.a(fsl_tpm_driver.o) (g_tpmChannelCount)
C:/Freescale/KSDK_1.3.0/examples/frdmkl26z/demo_apps/bubble_level_tpm/kds/../../../../../lib/ksdk_platform_lib/kds/KL26Z4/debug/libksdk_platform.a(fsl_tpm_common.o)
                              C:/Freescale/KSDK_1.3.0/examples/frdmkl26z/demo_apps/bubble_level_tpm/kds/../../../../../lib/ksdk_platform_lib/kds/KL26Z4/debug/libksdk_platform.a(fsl_tpm_driver.o) (g_tpmBase)
C:/Freescale/KSDK_1.3.0/examples/frdmkl26z/demo_apps/bubble_level_tpm/kds/../../../../../lib/ksdk_platform_lib/kds/KL26Z4/debug/libksdk_platform.a(fsl_sim_hal_MKL26Z4.o)
                              C:/Freescale/KSDK_1.3.0/examples/frdmkl26z/demo_apps/bubble_level_tpm/kds/../../../../../lib/ksdk_platform_lib/kds/KL26Z4/debug/libksdk_platform.a(fsl_clock_MKL26Z4.o) (CLOCK_HAL_SetOutDiv)
C:/Freescale/KSDK_1.3.0/examples/frdmkl26z/demo_apps/bubble_level_tpm/kds/../../../../../lib/ksdk_platform_lib/kds/KL26Z4/debug/libksdk_platform.a(fsl_osc_hal.o)
                              C:/Freescale/KSDK_1.3.0/examples/frdmkl26z/demo_apps/bubble_level_tpm/kds/../../../../../lib/ksdk_platform_lib/kds/KL26Z4/debug/libksdk_platform.a(fsl_clock_manager.o) (OSC_HAL_SetCapacitor)
C:/Freescale/KSDK_1.3.0/examples/frdmkl26z/demo_apps/bubble_level_tpm/kds/../../../../../lib/ksdk_platform_lib/kds/KL26Z4/debug/libksdk_platform.a(fsl_mcg_hal.o)
[...]
Memory Configuration

Name             Origin             Length             Attributes
m_interrupts     0x00000000         0x00000100         xr
m_flash_config   0x00000400         0x00000010         xr
m_text           0x00000410         0x0001fbf0         xr
m_data           0x1ffff000         0x00004000         rw
*default*        0x00000000         0xffffffff

Linker script and memory map

LOAD c:/freescale/kds_v3/toolchain/bin/../lib/gcc/arm-none-eabi/4.8.4/armv6-m/crti.o
LOAD c:/freescale/kds_v3/toolchain/bin/../lib/gcc/arm-none-eabi/4.8.4/armv6-m/crtbegin.o
LOAD c:/freescale/kds_v3/toolchain/bin/../lib/gcc/arm-none-eabi/4.8.4/../../../../arm-none-eabi/lib/armv6-m/crt0.o
                0x00000400                __stack_size__ = 0x400
                0x00000200                __heap_size__ = 0x200
START GROUP
LOAD ./utilities/fsl_debug_console.o
LOAD ./utilities/fsl_misc_utilities.o
LOAD ./utilities/print_scan.o
LOAD ./startup/startup.o
LOAD ./startup/startup_MKL26Z4.o
LOAD ./startup/system_MKL26Z4.o
LOAD ./source/accel.o
LOAD ./source/fsl_i2c_irq.o
LOAD ./source/fxos_api.o
LOAD ./source/main.o
LOAD ./source/mma8451_api.o
LOAD ./board/board.o
LOAD ./board/gpio_pins.o
LOAD ./board/hardware_init.o
LOAD ./board/pin_mux.o
LOAD ./operations.o
LOAD C:/Freescale/KSDK_1.3.0/examples/frdmkl26z/demo_apps/bubble_level_tpm/kds/../../../../../lib/ksdk_platform_lib/kds/KL26Z4/debug/libksdk_platform.a
LOAD c:/freescale/kds_v3/toolchain/bin/../lib/gcc/arm-none-eabi/4.8.4/../../../../arm-none-eabi/lib/armv6-m\libm.a
LOAD c:/freescale/kds_v3/toolchain/bin/../lib/gcc/arm-none-eabi/4.8.4/../../../../arm-none-eabi/lib/armv6-m\libg_s.a
LOAD c:/freescale/kds_v3/toolchain/bin/../lib/gcc/arm-none-eabi/4.8.4/armv6-m\libgcc.a
LOAD c:/freescale/kds_v3/toolchain/bin/../lib/gcc/arm-none-eabi/4.8.4/../../../../arm-none-eabi/lib/armv6-m\libnosys.a
END GROUP
START GROUP
LOAD c:/freescale/kds_v3/toolchain/bin/../lib/gcc/arm-none-eabi/4.8.4/armv6-m\libgcc.a
LOAD c:/freescale/kds_v3/toolchain/bin/../lib/gcc/arm-none-eabi/4.8.4/../../../../arm-none-eabi/lib/armv6-m\libg_s.a
LOAD c:/freescale/kds_v3/toolchain/bin/../lib/gcc/arm-none-eabi/4.8.4/../../../../arm-none-eabi/lib/armv6-m\libc_s.a
END GROUP
START GROUP
LOAD c:/freescale/kds_v3/toolchain/bin/../lib/gcc/arm-none-eabi/4.8.4/armv6-m\libgcc.a
LOAD c:/freescale/kds_v3/toolchain/bin/../lib/gcc/arm-none-eabi/4.8.4/../../../../arm-none-eabi/lib/armv6-m\libc_s.a
END GROUP
LOAD c:/freescale/kds_v3/toolchain/bin/../lib/gcc/arm-none-eabi/4.8.4/armv6-m/crtend.o
LOAD c:/freescale/kds_v3/toolchain/bin/../lib/gcc/arm-none-eabi/4.8.4/armv6-m/crtn.o
                0x00000400                HEAP_SIZE = DEFINED (__heap_size__)?__heap_size__:0x400
                0x00000400                STACK_SIZE = DEFINED (__stack_size__)?__stack_size__:0x400
                0x00000000                M_VECTOR_RAM_SIZE = DEFINED (__ram_vector_table__)?0x100:0x0

.interrupts     0x00000000       0xc0
                0x00000000                __VECTOR_TABLE = .
                0x00000000                . = ALIGN (0x4)
 *(.isr_vector)
 .isr_vector    0x00000000       0xc0 ./startup/startup_MKL26Z4.o
                0x00000000                __isr_vector
                0x000000c0                . = ALIGN (0x4)

.flash_config   0x00000400       0x10
                0x00000400                . = ALIGN (0x4)
 *(.FlashConfig)
 .FlashConfig   0x00000400       0x10 ./startup/startup_MKL26Z4.o
                0x00000410                . = ALIGN (0x4)

.text           0x00000410     0x90c8
                0x00000410                . = ALIGN (0x4)
 *(.text)
 .text          0x00000410       0x60 c:/freescale/kds_v3/toolchain/bin/../lib/gcc/arm-none-eabi/4.8.4/armv6-m/crtbegin.o
 .text          0x00000470       0x78 c:/freescale/kds_v3/toolchain/bin/../lib/gcc/arm-none-eabi/4.8.4/../../../../arm-none-eabi/lib/armv6-m/crt0.o
                0x00000470                _start
                0x00000470                _mainCRTStartup
 .text          0x000004e8       0x18 ./startup/startup_MKL26Z4.o
                0x000004e8                Reset_Handler
                0x000004f8                SysTick_Handler
                0x000004f8                PendSV_Handler
                0x000004f8                NMI_Handler
                0x000004f8                UART1_IRQHandler
                0x000004f8                DMA2_IRQHandler
                0x000004f8                TPM0_IRQHandler
                0x000004f8                I2S0_IRQHandler
                0x000004f8                LLWU_IRQHandler
                0x000004f8                TSI0_IRQHandler
                0x000004f8                UART0_IRQHandler
                0x000004f8                ADC0_IRQHandler
                0x000004f8                SPI1_IRQHandler
                0x000004f8                DefaultISR
                0x000004f8                TPM2_IRQHandler
                0x000004f8                RTC_IRQHandler
                0x000004f8                HardFault_Handler
                0x000004f8                RTC_Seconds_IRQHandler
                0x000004f8                MCG_IRQHandler
                0x000004f8                UART2_IRQHandler
                0x000004f8                Reserved20_IRQHandler
                0x000004f8                USB0_IRQHandler
                0x000004f8                PIT_IRQHandler
                0x000004f8                SVC_Handler
                0x000004f8                DMA3_IRQHandler
                0x000004f8                DMA0_IRQHandler
                0x000004f8                DAC0_IRQHandler
                0x000004f8                Reserved45_IRQHandler
                0x000004f8                TPM1_IRQHandler
                0x000004f8                LVD_LVW_IRQHandler
                0x000004f8                SPI0_IRQHandler
                0x000004f8                PORTA_IRQHandler
                0x000004f8                FTFA_IRQHandler
                0x000004f8                LPTMR0_IRQHandler
                0x000004f8                CMP0_IRQHandler
                0x000004f8                DMA1_IRQHandler
 .text          0x00000500       0x9c c:/freescale/kds_v3/toolchain/bin/../lib/gcc/arm-none-eabi/4.8.4/armv6-m\libgcc.a(_udivsi3.o)
                0x00000500                __aeabi_uidiv
                0x00000500                __udivsi3
                0x00000588                __aeabi_uidivmod
 .text          0x0000059c       0xc0 c:/freescale/kds_v3/toolchain/bin/../lib/gcc/arm-none-eabi/4.8.4/armv6-m\libgcc.a(_divsi3.o)
                0x0000059c                __divsi3
                0x0000059c                __aeabi_idiv
                0x00000648                __aeabi_idivmod
 .text          0x0000065c        0x4 c:/freescale/kds_v3/toolchain/bin/../lib/gcc/arm-none-eabi/4.8.4/armv6-m\libgcc.a(_dvmd_tls.o)
                0x0000065c                __aeabi_idiv0
                0x0000065c                __aeabi_ldiv0
 .text          0x00000660      0x520 c:/freescale/kds_v3/toolchain/bin/../lib/gcc/arm-none-eabi/4.8.4/armv6-m\libgcc.a(muldf3.o)
                0x00000660                __aeabi_dmul
 .text          0x00000b80       0x68 c:/freescale/kds_v3/toolchain/bin/../lib/gcc/arm-none-eabi/4.8.4/armv6-m\libgcc.a(fixdfsi.o)
                0x00000b80                __aeabi_d2iz
 .text          0x00000be8       0x7c c:/freescale/kds_v3/toolchain/bin/../lib/gcc/arm-none-eabi/4.8.4/armv6-m\libgcc.a(floatsidf.o)
                0x00000be8                __aeabi_i2d
 .text          0x00000c64       0x3c c:/freescale/kds_v3/toolchain/bin/../lib/gcc/arm-none-eabi/4.8.4/armv6-m\libgcc.a(_clzsi2.o)
                0x00000c64                __clzsi2
 *(.text*)
 .text.UART_HAL_EnableTransmitter
                0x00000ca0       0x1c ./utilities/fsl_debug_console.o
 .text.UART_HAL_EnableReceiver
                0x00000cbc       0x1c ./utilities/fsl_debug_console.o
 .text.UART_HAL_SetBitCountPerChar
                0x00000cd8       0x28 ./utilities/fsl_debug_console.o
 .text.UART_HAL_SetStopBitCount
                0x00000d00       0x28 ./utilities/fsl_debug_console.o
 .text.LPSCI_HAL_EnableTransmitter
                0x00000d28       0x1c ./utilities/fsl_debug_console.o
 .text.LPSCI_HAL_EnableReceiver
                0x00000d44       0x1c ./utilities/fsl_debug_console.o
 .text.LPSCI_HAL_SetBitCountPerChar
                0x00000d60       0x28 ./utilities/fsl_debug_console.o
 .text.LPSCI_HAL_SetStopBitCount
                0x00000d88       0x28 ./utilities/fsl_debug_console.o
 .text.DbgConsole_Init
                0x00000db0      0x160 ./utilities/fsl_debug_console.o
                0x00000db0                DbgConsole_Init
 .text._write   0x00000f10       0x5c ./utilities/fsl_debug_console.o
                0x00000f10                _write
 .text._read    0x00000f6c       0x48 ./utilities/fsl_debug_console.o
                0x00000f6c                _read
 .text.debug_printf
                0x00000fb4       0x4c ./utilities/fsl_debug_console.o
                0x00000fb4                debug_printf
 .text.debug_putc
                0x00001000       0x44 ./utilities/fsl_debug_console.o
 .text._sbrk    0x00001044       0x5c ./utilities/fsl_misc_utilities.o
                0x00001044                _sbrk
 .text._doprint
                0x000010a0      0x6e4 ./utilities/print_scan.o
                0x000010a0                _doprint
 .text.mknumstr
                0x00001784      0x110 ./utilities/print_scan.o
 .text.fput_pad
                0x00001894       0x44 ./utilities/print_scan.o
 .text.init_data_bss
                0x000018d8       0xc8 ./startup/startup.o
                0x000018d8                init_data_bss
 .text.SystemInit
                0x000019a0       0x38 ./startup/system_MKL26Z4.o
                0x000019a0                SystemInit
 .text.accel_read_reg
                0x000019d8       0x5c ./source/accel.o
                0x000019d8                accel_read_reg
 .text.accel_write_reg
                0x00001a34       0x50 ./source/accel.o
                0x00001a34                accel_write_reg
 .text.accel_init
                0x00001a84      0x11c ./source/accel.o
                0x00001a84                accel_init
 .text.I2C0_IRQHandler
                0x00001ba0       0x10 ./source/fsl_i2c_irq.o
                0x00001ba0                I2C0_IRQHandler
 .text.I2C1_IRQHandler
                0x00001bb0       0x10 ./source/fsl_i2c_irq.o
                0x00001bb0                I2C1_IRQHandler
 .text.fxos_init
                0x00001bc0      0x12c ./source/fxos_api.o
                0x00001bc0                fxos_init
 .text.fxos_read_sensor_data
                0x00001cec       0x24 ./source/fxos_api.o
                0x00001cec                fxos_read_sensor_data
 .text.fxos_read_register_array_fast
                0x00001d10       0x5c ./source/fxos_api.o
                0x00001d10                fxos_read_register_array_fast
 *fill*         0x00001d6c        0x4 
 .text.main     0x00001d70      0x430 ./source/main.o
                0x00001d70                main
 .text.PORTC_PORTD_IRQHandler
                0x000021a0       0x20 ./source/main.o
                0x000021a0                PORTC_PORTD_IRQHandler
 .text.mma8451_init
                0x000021c0      0x10c ./source/mma8451_api.o
                0x000021c0                mma8451_init
 .text.mma8451_read_sensor_data
                0x000022cc       0xb0 ./source/mma8451_api.o
                0x000022cc                mma8451_read_sensor_data
 .text.PORT_HAL_SetMuxMode
                0x0000237c       0x4c ./board/board.o
 .text.CLOCK_HAL_SetLpsciSrc
                0x000023c8       0x30 ./board/board.o
 .text.CLOCK_SYS_SetLpsciSrc
                0x000023f8       0x2c ./board/board.o
 .text.SMC_HAL_SetProtection
                0x00002424       0x1c ./board/board.o
 .text.BOARD_InitOsc0
                0x00002440       0x40 ./board/board.o
                0x00002440                BOARD_InitOsc0
 .text.CLOCK_SetBootConfig
                0x00002480       0x3c ./board/board.o
 .text.BOARD_ClockInit
                0x000024bc       0x44 ./board/board.o
                0x000024bc                BOARD_ClockInit
 .text.dbg_uart_init
                0x00002500       0x24 ./board/board.o
                0x00002500                dbg_uart_init
 .text.PORT_HAL_SetMuxMode
                0x00002524       0x4c ./board/hardware_init.o
 .text.CLOCK_HAL_SetTpmSrc
                0x00002570       0x30 ./board/hardware_init.o
 .text.CLOCK_SYS_SetTpmSrc
                0x000025a0       0x2c ./board/hardware_init.o
 .text.hardware_init
                0x000025cc       0x64 ./board/hardware_init.o
                0x000025cc                hardware_init
 .text.PORT_HAL_SetMuxMode
                0x00002630       0x4c ./board/pin_mux.o
 .text.configure_lpsci_pins
                0x0000267c       0x34 ./board/pin_mux.o
                0x0000267c                configure_lpsci_pins
 .text.tangage  0x000026b0       0xa4 ./operations.o
                0x000026b0                tangage
 .text.roulis   0x00002754       0xa4 ./operations.o
                0x00002754                roulis
 .text.tangageRoulis1
                0x000027f8      0x224 ./operations.o
                0x000027f8                tangageRoulis1
 .text.tangageRoulis2
                0x00002a1c      0x224 ./operations.o
                0x00002a1c                tangageRoulis2
 .text.roulisTangage1
                0x00002c40      0x224 ./operations.o
                0x00002c40                roulisTangage1
 .text.roulisTangage2
                0x00002e64      0x224 ./operations.o
                0x00002e64                roulisTangage2
 .text.bienAligner
                0x00003088       0x78 ./operations.o
                0x00003088                bienAligner
 .text.UART_HAL_SetBaudRate
                0x00003100       0x6c C:/Freescale/KSDK_1.3.0/examples/frdmkl26z/demo_apps/bubble_level_tpm/kds/../../../../../lib/ksdk_platform_lib/kds/KL26Z4/debug/libksdk_platform.a(fsl_uart_hal.o)
                0x00003100                UART_HAL_SetBaudRate
 .text.UART_HAL_SetParityMode
                0x0000316c       0x40 C:/Freescale/KSDK_1.3.0/examples/frdmkl26z/demo_apps/bubble_level_tpm/kds/../../../../../lib/ksdk_platform_lib/kds/KL26Z4/debug/libksdk_platform.a(fsl_uart_hal.o)
                0x0000316c                UART_HAL_SetParityMode
 .text.UART_HAL_Putchar
                0x000031ac       0x34 C:/Freescale/KSDK_1.3.0/examples/frdmkl26z/demo_apps/bubble_level_tpm/kds/../../../../../lib/ksdk_platform_lib/kds/KL26Z4/debug/libksdk_platform.a(fsl_uart_hal.o)
                0x000031ac                UART_HAL_Putchar
 .text.UART_HAL_Getchar
                0x000031e0       0x34 C:/Freescale/KSDK_1.3.0/examples/frdmkl26z/demo_apps/bubble_level_tpm/kds/../../../../../lib/ksdk_platform_lib/kds/KL26Z4/debug/libksdk_platform.a(fsl_uart_hal.o)
                0x000031e0                UART_HAL_Getchar
 .text.UART_HAL_SendDataPolling
                0x00003214       0x44 C:/Freescale/KSDK_1.3.0/examples/frdmkl26z/demo_apps/bubble_level_tpm/kds/../../../../../lib/ksdk_platform_lib/kds/KL26Z4/debug/libksdk_platform.a(fsl_uart_hal.o)
                0x00003214                UART_HAL_SendDataPolling
 .text.UART_HAL_ReceiveDataPolling
                0x00003258       0xa4 C:/Freescale/KSDK_1.3.0/examples/frdmkl26z/demo_apps/bubble_level_tpm/kds/../../../../../lib/ksdk_platform_lib/kds/KL26Z4/debug/libksdk_platform.a(fsl_uart_hal.o)
                0x00003258                UART_HAL_ReceiveDataPolling
 .text.NVIC_EnableIRQ
                0x000032fc       0x2c C:/Freescale/KSDK_1.3.0/examples/frdmkl26z/demo_apps/bubble_level_tpm/kds/../../../../../lib/ksdk_platform_lib/kds/KL26Z4/debug/libksdk_platform.a(fsl_tpm_driver.o)
 .text.NVIC_ClearPendingIRQ
                0x00003328       0x2c C:/Freescale/KSDK_1.3.0/examples/frdmkl26z/demo_apps/bubble_level_tpm/kds/../../../../../lib/ksdk_platform_lib/kds/KL26Z4/debug/libksdk_platform.a(fsl_tpm_driver.o)
 .text.TPM_HAL_SetClockDiv
                0x00003354       0x24 C:/Freescale/KSDK_1.3.0/examples/frdmkl26z/demo_apps/bubble_level_tpm/kds/../../../../../lib/ksdk_platform_lib/kds/KL26Z4/debug/libksdk_platform.a(fsl_tpm_driver.o)
 .text.TPM_HAL_GetClockDiv
                0x00003378       0x20 C:/Freescale/KSDK_1.3.0/examples/frdmkl26z/demo_apps/bubble_level_tpm/kds/../../../../../lib/ksdk_platform_lib/kds/KL26Z4/debug/libksdk_platform.a(fsl_tpm_driver.o)
 .text.TPM_HAL_SetMod
                0x00003398       0x34 C:/Freescale/KSDK_1.3.0/examples/frdmkl26z/demo_apps/bubble_level_tpm/kds/../../../../../lib/ksdk_platform_lib/kds/KL26Z4/debug/libksdk_platform.a(fsl_tpm_driver.o)
 .text.TPM_HAL_SetChnCountVal
                0x000033cc       0x58 C:/Freescale/KSDK_1.3.0/examples/frdmkl26z/demo_apps/bubble_level_tpm/kds/../../../../../lib/ksdk_platform_lib/kds/KL26Z4/debug/libksdk_platform.a(fsl_tpm_driver.o)
 .text.TPM_HAL_SetTriggerSrc
                0x00003424       0x28 C:/Freescale/KSDK_1.3.0/examples/frdmkl26z/demo_apps/bubble_level_tpm/kds/../../../../../lib/ksdk_platform_lib/kds/KL26Z4/debug/libksdk_platform.a(fsl_tpm_driver.o)
 .text.TPM_HAL_SetTriggerMode
                0x0000344c       0x28 C:/Freescale/KSDK_1.3.0/examples/frdmkl26z/demo_apps/bubble_level_tpm/kds/../../../../../lib/ksdk_platform_lib/kds/KL26Z4/debug/libksdk_platform.a(fsl_tpm_driver.o)
 .text.TPM_HAL_SetReloadOnTriggerMode
                0x00003474       0x28 C:/Freescale/KSDK_1.3.0/examples/frdmkl26z/demo_apps/bubble_level_tpm/kds/../../../../../lib/ksdk_platform_lib/kds/KL26Z4/debug/libksdk_platform.a(fsl_tpm_driver.o)
 .text.TPM_HAL_SetStopOnOverflowMode
                0x0000349c       0x28 C:/Freescale/KSDK_1.3.0/examples/frdmkl26z/demo_apps/bubble_level_tpm/kds/../../../../../lib/ksdk_platform_lib/kds/KL26Z4/debug/libksdk_platform.a(fsl_tpm_driver.o)
 .text.TPM_HAL_EnableGlobalTimeBase
                0x000034c4       0x28 C:/Freescale/KSDK_1.3.0/examples/frdmkl26z/demo_apps/bubble_level_tpm/kds/../../../../../lib/ksdk_platform_lib/kds/KL26Z4/debug/libksdk_platform.a(fsl_tpm_driver.o)
 .text.TPM_HAL_SetDbgMode
                0x000034ec       0x30 C:/Freescale/KSDK_1.3.0/examples/frdmkl26z/demo_apps/bubble_level_tpm/kds/../../../../../lib/ksdk_platform_lib/kds/KL26Z4/debug/libksdk_platform.a(fsl_tpm_driver.o)
 .text.INT_SYS_EnableIRQ
                0x0000351c       0x5c C:/Freescale/KSDK_1.3.0/examples/frdmkl26z/demo_apps/bubble_level_tpm/kds/../../../../../lib/ksdk_platform_lib/kds/KL26Z4/debug/libksdk_platform.a(fsl_tpm_driver.o)
 .text.TPM_DRV_Init
                0x00003578       0xd0 C:/Freescale/KSDK_1.3.0/examples/frdmkl26z/demo_apps/bubble_level_tpm/kds/../../../../../lib/ksdk_platform_lib/kds/KL26Z4/debug/libksdk_platform.a(fsl_tpm_driver.o)
                0x00003578                TPM_DRV_Init
 .text.TPM_DRV_SetClock
                0x00003648       0x60 C:/Freescale/KSDK_1.3.0/examples/frdmkl26z/demo_apps/bubble_level_tpm/kds/../../../../../lib/ksdk_platform_lib/kds/KL26Z4/debug/libksdk_platform.a(fsl_tpm_driver.o)
                0x00003648                TPM_DRV_SetClock
 .text.TPM_DRV_GetClock
                0x000036a8       0x98 C:/Freescale/KSDK_1.3.0/examples/frdmkl26z/demo_apps/bubble_level_tpm/kds/../../../../../lib/ksdk_platform_lib/kds/KL26Z4/debug/libksdk_platform.a(fsl_tpm_driver.o)
                0x000036a8                TPM_DRV_GetClock
 .text.TPM_DRV_PwmStart
                0x00003740      0x1ec C:/Freescale/KSDK_1.3.0/examples/frdmkl26z/demo_apps/bubble_level_tpm/kds/../../../../../lib/ksdk_platform_lib/kds/KL26Z4/debug/libksdk_platform.a(fsl_tpm_driver.o)
                0x00003740                TPM_DRV_PwmStart
 .text.LPSCI_HAL_Putchar
                0x0000392c       0x1c C:/Freescale/KSDK_1.3.0/examples/frdmkl26z/demo_apps/bubble_level_tpm/kds/../../../../../lib/ksdk_platform_lib/kds/KL26Z4/debug/libksdk_platform.a(fsl_lpsci_hal.o)
 .text.LPSCI_HAL_Getchar
                0x00003948       0x1c C:/Freescale/KSDK_1.3.0/examples/frdmkl26z/demo_apps/bubble_level_tpm/kds/../../../../../lib/ksdk_platform_lib/kds/KL26Z4/debug/libksdk_platform.a(fsl_lpsci_hal.o)
 .text.LPSCI_HAL_SetBaudRate
                0x00003964      0x14c C:/Freescale/KSDK_1.3.0/examples/frdmkl26z/demo_apps/bubble_level_tpm/kds/../../../../../lib/ksdk_platform_lib/kds/KL26Z4/debug/libksdk_platform.a(fsl_lpsci_hal.o)
                0x00003964                LPSCI_HAL_SetBaudRate
 .text.LPSCI_HAL_SetParityMode
                0x00003ab0       0x40 C:/Freescale/KSDK_1.3.0/examples/frdmkl26z/demo_apps/bubble_level_tpm/kds/../../../../../lib/ksdk_platform_lib/kds/KL26Z4/debug/libksdk_platform.a(fsl_lpsci_hal.o)
                0x00003ab0                LPSCI_HAL_SetParityMode
 .text.LPSCI_HAL_SendDataPolling
                0x00003af0       0x44 C:/Freescale/KSDK_1.3.0/examples/frdmkl26z/demo_apps/bubble_level_tpm/kds/../../../../../lib/ksdk_platform_lib/kds/KL26Z4/debug/libksdk_platform.a(fsl_lpsci_hal.o)
                0x00003af0                LPSCI_HAL_SendDataPolling
 .text.LPSCI_HAL_ReceiveDataPolling
                0x00003b34       0x88 C:/Freescale/KSDK_1.3.0/examples/frdmkl26z/demo_apps/bubble_level_tpm/kds/../../../../../lib/ksdk_platform_lib/kds/KL26Z4/debug/libksdk_platform.a(fsl_lpsci_hal.o)
                0x00003b34                LPSCI_HAL_ReceiveDataPolling
 .text.NVIC_EnableIRQ
                0x00003bbc       0x2c C:/Freescale/KSDK_1.3.0/examples/frdmkl26z/demo_apps/bubble_level_tpm/kds/../../../../../lib/ksdk_platform_lib/kds/KL26Z4/debug/libksdk_platform.a(fsl_i2c_master_driver.o)
 .text.I2C_HAL_Enable
                0x00003be8       0x1c C:/Freescale/KSDK_1.3.0/examples/frdmkl26z/demo_apps/bubble_level_tpm/kds/../../../../../lib/ksdk_platform_lib/kds/KL26Z4/debug/libksdk_platform.a(fsl_i2c_master_driver.o)
 .text.I2C_HAL_SendAck
                0x00003c04       0x1c C:/Freescale/KSDK_1.3.0/examples/frdmkl26z/demo_apps/bubble_level_tpm/kds/../../../../../lib/ksdk_platform_lib/kds/KL26Z4/debug/libksdk_platform.a(fsl_i2c_master_driver.o)
 .text.I2C_HAL_SendNak
                0x00003c20       0x1c C:/Freescale/KSDK_1.3.0/examples/frdmkl26z/demo_apps/bubble_level_tpm/kds/../../../../../lib/ksdk_platform_lib/kds/KL26Z4/debug/libksdk_platform.a(fsl_i2c_master_driver.o)
 .text.I2C_HAL_SetDirMode
                0x00003c3c       0x28 C:/Freescale/KSDK_1.3.0/examples/frdmkl26z/demo_apps/bubble_level_tpm/kds/../../../../../lib/ksdk_platform_lib/kds/KL26Z4/debug/libksdk_platform.a(fsl_i2c_master_driver.o)
 .text.I2C_HAL_GetDirMode
                0x00003c64       0x20 C:/Freescale/KSDK_1.3.0/examples/frdmkl26z/demo_apps/bubble_level_tpm/kds/../../../../../lib/ksdk_platform_lib/kds/KL26Z4/debug/libksdk_platform.a(fsl_i2c_master_driver.o)
 .text.I2C_HAL_ReadByte
                0x00003c84       0x18 C:/Freescale/KSDK_1.3.0/examples/frdmkl26z/demo_apps/bubble_level_tpm/kds/../../../../../lib/ksdk_platform_lib/kds/KL26Z4/debug/libksdk_platform.a(fsl_i2c_master_driver.o)
 .text.I2C_HAL_WriteByte
                0x00003c9c       0x1c C:/Freescale/KSDK_1.3.0/examples/frdmkl26z/demo_apps/bubble_level_tpm/kds/../../../../../lib/ksdk_platform_lib/kds/KL26Z4/debug/libksdk_platform.a(fsl_i2c_master_driver.o)
 .text.I2C_HAL_GetStatusFlag
                0x00003cb8       0x34 C:/Freescale/KSDK_1.3.0/examples/frdmkl26z/demo_apps/bubble_level_tpm/kds/../../../../../lib/ksdk_platform_lib/kds/KL26Z4/debug/libksdk_platform.a(fsl_i2c_master_driver.o)
 .text.I2C_HAL_IsMaster
                0x00003cec       0x24 C:/Freescale/KSDK_1.3.0/examples/frdmkl26z/demo_apps/bubble_level_tpm/kds/../../../../../lib/ksdk_platform_lib/kds/KL26Z4/debug/libksdk_platform.a(fsl_i2c_master_driver.o)
 .text.I2C_HAL_ClearArbitrationLost
                0x00003d10       0x14 C:/Freescale/KSDK_1.3.0/examples/frdmkl26z/demo_apps/bubble_level_tpm/kds/../../../../../lib/ksdk_platform_lib/kds/KL26Z4/debug/libksdk_platform.a(fsl_i2c_master_driver.o)
 .text.I2C_HAL_SetIntCmd
                0x00003d24       0x28 C:/Freescale/KSDK_1.3.0/examples/frdmkl26z/demo_apps/bubble_level_tpm/kds/../../../../../lib/ksdk_platform_lib/kds/KL26Z4/debug/libksdk_platform.a(fsl_i2c_master_driver.o)
 .text.I2C_HAL_ClearInt
                0x00003d4c       0x14 C:/Freescale/KSDK_1.3.0/examples/frdmkl26z/demo_apps/bubble_level_tpm/kds/../../../../../lib/ksdk_platform_lib/kds/KL26Z4/debug/libksdk_platform.a(fsl_i2c_master_driver.o)
 .text.INT_SYS_EnableIRQ
                0x00003d60       0x5c C:/Freescale/KSDK_1.3.0/examples/frdmkl26z/demo_apps/bubble_level_tpm/kds/../../../../../lib/ksdk_platform_lib/kds/KL26Z4/debug/libksdk_platform.a(fsl_i2c_master_driver.o)
 .text.I2C_DRV_MasterInit
                0x00003dbc       0xc4 C:/Freescale/KSDK_1.3.0/examples/frdmkl26z/demo_apps/bubble_level_tpm/kds/../../../../../lib/ksdk_platform_lib/kds/KL26Z4/debug/libksdk_platform.a(fsl_i2c_master_driver.o)
                0x00003dbc                I2C_DRV_MasterInit
 .text.I2C_DRV_MasterSetBaudRate
                0x00003e80       0x98 C:/Freescale/KSDK_1.3.0/examples/frdmkl26z/demo_apps/bubble_level_tpm/kds/../../../../../lib/ksdk_platform_lib/kds/KL26Z4/debug/libksdk_platform.a(fsl_i2c_master_driver.o)
                0x00003e80                I2C_DRV_MasterSetBaudRate
 .text.I2C_DRV_MasterSendDataBlocking
                0x00003f18       0x34 C:/Freescale/KSDK_1.3.0/examples/frdmkl26z/demo_apps/bubble_level_tpm/kds/../../../../../lib/ksdk_platform_lib/kds/KL26Z4/debug/libksdk_platform.a(fsl_i2c_master_driver.o)
                0x00003f18                I2C_DRV_MasterSendDataBlocking
 .text.I2C_DRV_MasterReceiveDataBlocking
                0x00003f4c       0x34 C:/Freescale/KSDK_1.3.0/examples/frdmkl26z/demo_apps/bubble_level_tpm/kds/../../../../../lib/ksdk_platform_lib/kds/KL26Z4/debug/libksdk_platform.a(fsl_i2c_master_driver.o)
                0x00003f4c                I2C_DRV_MasterReceiveDataBlocking
 .text.I2C_DRV_MasterIRQHandler
                0x00003f80      0x180 C:/Freescale/KSDK_1.3.0/examples/frdmkl26z/demo_apps/bubble_level_tpm/kds/../../../../../lib/ksdk_platform_lib/kds/KL26Z4/debug/libksdk_platform.a(fsl_i2c_master_driver.o)
                0x00003f80                I2C_DRV_MasterIRQHandler
 .text.I2C_DRV_MasterWait
                0x00004100       0x78 C:/Freescale/KSDK_1.3.0/examples/frdmkl26z/demo_apps/bubble_level_tpm/kds/../../../../../lib/ksdk_platform_lib/kds/KL26Z4/debug/libksdk_platform.a(fsl_i2c_master_driver.o)
 .text.I2C_DRV_CompleteTransfer
                0x00004178       0x98 C:/Freescale/KSDK_1.3.0/examples/frdmkl26z/demo_apps/bubble_level_tpm/kds/../../../../../lib/ksdk_platform_lib/kds/KL26Z4/debug/libksdk_platform.a(fsl_i2c_master_driver.o)
 .text.I2C_DRV_SendAddress
                0x00004210      0x228 C:/Freescale/KSDK_1.3.0/examples/frdmkl26z/demo_apps/bubble_level_tpm/kds/../../../../../lib/ksdk_platform_lib/kds/KL26Z4/debug/libksdk_platform.a(fsl_i2c_master_driver.o)
 .text.I2C_DRV_MasterSend
                0x00004438      0x1ac C:/Freescale/KSDK_1.3.0/examples/frdmkl26z/demo_apps/bubble_level_tpm/kds/../../../../../lib/ksdk_platform_lib/kds/KL26Z4/debug/libksdk_platform.a(fsl_i2c_master_driver.o)
 .text.I2C_DRV_MasterReceive
                0x000045e4      0x1bc C:/Freescale/KSDK_1.3.0/examples/frdmkl26z/demo_apps/bubble_level_tpm/kds/../../../../../lib/ksdk_platform_lib/kds/KL26Z4/debug/libksdk_platform.a(fsl_i2c_master_driver.o)
 .text.I2C_HAL_GetStatusFlag
                0x000047a0       0x34 C:/Freescale/KSDK_1.3.0/examples/frdmkl26z/demo_apps/bubble_level_tpm/kds/../../../../../lib/ksdk_platform_lib/kds/KL26Z4/debug/libksdk_platform.a(fsl_i2c_shared_function.o)
 .text.I2C_HAL_IsMaster
                0x000047d4       0x24 C:/Freescale/KSDK_1.3.0/examples/frdmkl26z/demo_apps/bubble_level_tpm/kds/../../../../../lib/ksdk_platform_lib/kds/KL26Z4/debug/libksdk_platform.a(fsl_i2c_shared_function.o)
 .text.I2C_DRV_IRQHandler
                0x000047f8       0x78 C:/Freescale/KSDK_1.3.0/examples/frdmkl26z/demo_apps/bubble_level_tpm/kds/../../../../../lib/ksdk_platform_lib/kds/KL26Z4/debug/libksdk_platform.a(fsl_i2c_shared_function.o)
                0x000047f8                I2C_DRV_IRQHandler
 .text.NVIC_EnableIRQ
                0x00004870       0x2c C:/Freescale/KSDK_1.3.0/examples/frdmkl26z/demo_apps/bubble_level_tpm/kds/../../../../../lib/ksdk_platform_lib/kds/KL26Z4/debug/libksdk_platform.a(fsl_gpio_driver.o)
 .text.PORT_HAL_SetPullMode
                0x0000489c       0x48 C:/Freescale/KSDK_1.3.0/examples/frdmkl26z/demo_apps/bubble_level_tpm/kds/../../../../../lib/ksdk_platform_lib/kds/KL26Z4/debug/libksdk_platform.a(fsl_gpio_driver.o)
 .text.PORT_HAL_SetPullCmd
                0x000048e4       0x4c C:/Freescale/KSDK_1.3.0/examples/frdmkl26z/demo_apps/bubble_level_tpm/kds/../../../../../lib/ksdk_platform_lib/kds/KL26Z4/debug/libksdk_platform.a(fsl_gpio_driver.o)
 .text.PORT_HAL_SetSlewRateMode
                0x00004930       0x4c C:/Freescale/KSDK_1.3.0/examples/frdmkl26z/demo_apps/bubble_level_tpm/kds/../../../../../lib/ksdk_platform_lib/kds/KL26Z4/debug/libksdk_platform.a(fsl_gpio_driver.o)
 .text.PORT_HAL_SetPassiveFilterCmd
                0x0000497c       0x4c C:/Freescale/KSDK_1.3.0/examples/frdmkl26z/demo_apps/bubble_level_tpm/kds/../../../../../lib/ksdk_platform_lib/kds/KL26Z4/debug/libksdk_platform.a(fsl_gpio_driver.o)
 .text.PORT_HAL_SetDriveStrengthMode
                0x000049c8       0x4c C:/Freescale/KSDK_1.3.0/examples/frdmkl26z/demo_apps/bubble_level_tpm/kds/../../../../../lib/ksdk_platform_lib/kds/KL26Z4/debug/libksdk_platform.a(fsl_gpio_driver.o)
 .text.PORT_HAL_SetMuxMode
                0x00004a14       0x4c C:/Freescale/KSDK_1.3.0/examples/frdmkl26z/demo_apps/bubble_level_tpm/kds/../../../../../lib/ksdk_platform_lib/kds/KL26Z4/debug/libksdk_platform.a(fsl_gpio_driver.o)
 .text.PORT_HAL_SetPinIntMode
                0x00004a60       0x4c C:/Freescale/KSDK_1.3.0/examples/frdmkl26z/demo_apps/bubble_level_tpm/kds/../../../../../lib/ksdk_platform_lib/kds/KL26Z4/debug/libksdk_platform.a(fsl_gpio_driver.o)
 .text.PORT_HAL_ClearPinIntFlag
                0x00004aac       0x48 C:/Freescale/KSDK_1.3.0/examples/frdmkl26z/demo_apps/bubble_level_tpm/kds/../../../../../lib/ksdk_platform_lib/kds/KL26Z4/debug/libksdk_platform.a(fsl_gpio_driver.o)
 .text.GPIO_HAL_ClearPinOutput
                0x00004af4       0x3c C:/Freescale/KSDK_1.3.0/examples/frdmkl26z/demo_apps/bubble_level_tpm/kds/../../../../../lib/ksdk_platform_lib/kds/KL26Z4/debug/libksdk_platform.a(fsl_gpio_driver.o)
 .text.INT_SYS_EnableIRQ
                0x00004b30       0x5c C:/Freescale/KSDK_1.3.0/examples/frdmkl26z/demo_apps/bubble_level_tpm/kds/../../../../../lib/ksdk_platform_lib/kds/KL26Z4/debug/libksdk_platform.a(fsl_gpio_driver.o)
 .text.GPIO_DRV_Init
                0x00004b8c       0x4c C:/Freescale/KSDK_1.3.0/examples/frdmkl26z/demo_apps/bubble_level_tpm/kds/../../../../../lib/ksdk_platform_lib/kds/KL26Z4/debug/libksdk_platform.a(fsl_gpio_driver.o)
                0x00004b8c                GPIO_DRV_Init
 .text.GPIO_DRV_InputPinInit
                0x00004bd8       0xd4 C:/Freescale/KSDK_1.3.0/examples/frdmkl26z/demo_apps/bubble_level_tpm/kds/../../../../../lib/ksdk_platform_lib/kds/KL26Z4/debug/libksdk_platform.a(fsl_gpio_driver.o)
                0x00004bd8                GPIO_DRV_InputPinInit
 .text.GPIO_DRV_OutputPinInit
                0x00004cac       0x9c C:/Freescale/KSDK_1.3.0/examples/frdmkl26z/demo_apps/bubble_level_tpm/kds/../../../../../lib/ksdk_platform_lib/kds/KL26Z4/debug/libksdk_platform.a(fsl_gpio_driver.o)
                0x00004cac                GPIO_DRV_OutputPinInit
 .text.GPIO_DRV_WritePinOutput
                0x00004d48       0x3c C:/Freescale/KSDK_1.3.0/examples/frdmkl26z/demo_apps/bubble_level_tpm/kds/../../../../../lib/ksdk_platform_lib/kds/KL26Z4/debug/libksdk_platform.a(fsl_gpio_driver.o)
                0x00004d48                GPIO_DRV_WritePinOutput
 .text.GPIO_DRV_ClearPinOutput
                0x00004d84       0x38 C:/Freescale/KSDK_1.3.0/examples/frdmkl26z/demo_apps/bubble_level_tpm/kds/../../../../../lib/ksdk_platform_lib/kds/KL26Z4/debug/libksdk_platform.a(fsl_gpio_driver.o)
                0x00004d84                GPIO_DRV_ClearPinOutput
 .text.GPIO_DRV_ClearPinIntFlag
                0x00004dbc       0x38 C:/Freescale/KSDK_1.3.0/examples/frdmkl26z/demo_apps/bubble_level_tpm/kds/../../../../../lib/ksdk_platform_lib/kds/KL26Z4/debug/libksdk_platform.a(fsl_gpio_driver.o)
                0x00004dbc                GPIO_DRV_ClearPinIntFlag
 .text.SIM_HAL_EnableClock
                0x00004df4       0x58 C:/Freescale/KSDK_1.3.0/examples/frdmkl26z/demo_apps/bubble_level_tpm/kds/../../../../../lib/ksdk_platform_lib/kds/KL26Z4/debug/libksdk_platform.a(fsl_clock_MKL26Z4.o)
 .text.CLOCK_HAL_GetTpmSrc
                0x00004e4c       0x28 C:/Freescale/KSDK_1.3.0/examples/frdmkl26z/demo_apps/bubble_level_tpm/kds/../../../../../lib/ksdk_platform_lib/kds/KL26Z4/debug/libksdk_platform.a(fsl_clock_MKL26Z4.o)
 .text.CLOCK_HAL_GetLpsciSrc
                0x00004e74       0x28 C:/Freescale/KSDK_1.3.0/examples/frdmkl26z/demo_apps/bubble_level_tpm/kds/../../../../../lib/ksdk_platform_lib/kds/KL26Z4/debug/libksdk_platform.a(fsl_clock_MKL26Z4.o)
 .text.CLOCK_HAL_SetExternalRefClock32kSrc
                0x00004e9c       0x28 C:/Freescale/KSDK_1.3.0/examples/frdmkl26z/demo_apps/bubble_level_tpm/kds/../../../../../lib/ksdk_platform_lib/kds/KL26Z4/debug/libksdk_platform.a(fsl_clock_MKL26Z4.o)
 .text.CLOCK_HAL_SetPllfllSel
                0x00004ec4       0x2c C:/Freescale/KSDK_1.3.0/examples/frdmkl26z/demo_apps/bubble_level_tpm/kds/../../../../../lib/ksdk_platform_lib/kds/KL26Z4/debug/libksdk_platform.a(fsl_clock_MKL26Z4.o)
 .text.CLOCK_HAL_GetPllfllSel
                0x00004ef0       0x24 C:/Freescale/KSDK_1.3.0/examples/frdmkl26z/demo_apps/bubble_level_tpm/kds/../../../../../lib/ksdk_platform_lib/kds/KL26Z4/debug/libksdk_platform.a(fsl_clock_MKL26Z4.o)
 .text.CLOCK_HAL_GetOutDiv1
                0x00004f14       0x28 C:/Freescale/KSDK_1.3.0/examples/frdmkl26z/demo_apps/bubble_level_tpm/kds/../../../../../lib/ksdk_platform_lib/kds/KL26Z4/debug/libksdk_platform.a(fsl_clock_MKL26Z4.o)
 .text.CLOCK_HAL_GetOutDiv4
                0x00004f3c       0x28 C:/Freescale/KSDK_1.3.0/examples/frdmkl26z/demo_apps/bubble_level_tpm/kds/../../../../../lib/ksdk_platform_lib/kds/KL26Z4/debug/libksdk_platform.a(fsl_clock_MKL26Z4.o)
 .text.OSC_HAL_GetExternalRefClkCmd
                0x00004f64       0x24 C:/Freescale/KSDK_1.3.0/examples/frdmkl26z/demo_apps/bubble_level_tpm/kds/../../../../../lib/ksdk_platform_lib/kds/KL26Z4/debug/libksdk_platform.a(fsl_clock_MKL26Z4.o)
 .text.CLOCK_SYS_GetTpmExternalSrc
                0x00004f88       0x24 C:/Freescale/KSDK_1.3.0/examples/frdmkl26z/demo_apps/bubble_level_tpm/kds/../../../../../lib/ksdk_platform_lib/kds/KL26Z4/debug/libksdk_platform.a(fsl_clock_MKL26Z4.o)
 .text.CLOCK_SYS_SetSimConfigration
                0x00004fac       0x48 C:/Freescale/KSDK_1.3.0/examples/frdmkl26z/demo_apps/bubble_level_tpm/kds/../../../../../lib/ksdk_platform_lib/kds/KL26Z4/debug/libksdk_platform.a(fsl_clock_MKL26Z4.o)
                0x00004fac                CLOCK_SYS_SetSimConfigration
 .text.CLOCK_SYS_GetSystemClockFreq
                0x00004ff4       0x34 C:/Freescale/KSDK_1.3.0/examples/frdmkl26z/demo_apps/bubble_level_tpm/kds/../../../../../lib/ksdk_platform_lib/kds/KL26Z4/debug/libksdk_platform.a(fsl_clock_MKL26Z4.o)
                0x00004ff4                CLOCK_SYS_GetSystemClockFreq
 .text.CLOCK_SYS_GetBusClockFreq
                0x00005028       0x2c C:/Freescale/KSDK_1.3.0/examples/frdmkl26z/demo_apps/bubble_level_tpm/kds/../../../../../lib/ksdk_platform_lib/kds/KL26Z4/debug/libksdk_platform.a(fsl_clock_MKL26Z4.o)
                0x00005028                CLOCK_SYS_GetBusClockFreq
 .text.CLOCK_SYS_GetPllFllClockFreq
                0x00005054       0x5c C:/Freescale/KSDK_1.3.0/examples/frdmkl26z/demo_apps/bubble_level_tpm/kds/../../../../../lib/ksdk_platform_lib/kds/KL26Z4/debug/libksdk_platform.a(fsl_clock_MKL26Z4.o)
                0x00005054                CLOCK_SYS_GetPllFllClockFreq
 .text.CLOCK_SYS_GetOsc0ExternalRefClockFreq
                0x000050b0       0x2c C:/Freescale/KSDK_1.3.0/examples/frdmkl26z/demo_apps/bubble_level_tpm/kds/../../../../../lib/ksdk_platform_lib/kds/KL26Z4/debug/libksdk_platform.a(fsl_clock_MKL26Z4.o)
                0x000050b0                CLOCK_SYS_GetOsc0ExternalRefClockFreq
 .text.CLOCK_SYS_GetTpmFreq
                0x000050dc       0x68 C:/Freescale/KSDK_1.3.0/examples/frdmkl26z/demo_apps/bubble_level_tpm/kds/../../../../../lib/ksdk_platform_lib/kds/KL26Z4/debug/libksdk_platform.a(fsl_clock_MKL26Z4.o)
                0x000050dc                CLOCK_SYS_GetTpmFreq
 .text.CLOCK_SYS_GetTpmExternalFreq
                0x00005144       0x38 C:/Freescale/KSDK_1.3.0/examples/frdmkl26z/demo_apps/bubble_level_tpm/kds/../../../../../lib/ksdk_platform_lib/kds/KL26Z4/debug/libksdk_platform.a(fsl_clock_MKL26Z4.o)
                0x00005144                CLOCK_SYS_GetTpmExternalFreq
 .text.CLOCK_SYS_GetI2cFreq
                0x0000517c       0x38 C:/Freescale/KSDK_1.3.0/examples/frdmkl26z/demo_apps/bubble_level_tpm/kds/../../../../../lib/ksdk_platform_lib/kds/KL26Z4/debug/libksdk_platform.a(fsl_clock_MKL26Z4.o)
                0x0000517c                CLOCK_SYS_GetI2cFreq
 .text.CLOCK_SYS_GetLpsciFreq
                0x000051b4       0x68 C:/Freescale/KSDK_1.3.0/examples/frdmkl26z/demo_apps/bubble_level_tpm/kds/../../../../../lib/ksdk_platform_lib/kds/KL26Z4/debug/libksdk_platform.a(fsl_clock_MKL26Z4.o)
                0x000051b4                CLOCK_SYS_GetLpsciFreq
 .text.CLOCK_SYS_GetUartFreq
                0x0000521c       0x2c C:/Freescale/KSDK_1.3.0/examples/frdmkl26z/demo_apps/bubble_level_tpm/kds/../../../../../lib/ksdk_platform_lib/kds/KL26Z4/debug/libksdk_platform.a(fsl_clock_MKL26Z4.o)
                0x0000521c                CLOCK_SYS_GetUartFreq
 .text.CLOCK_SYS_EnablePortClock
                0x00005248       0x4c C:/Freescale/KSDK_1.3.0/examples/frdmkl26z/demo_apps/bubble_level_tpm/kds/../../../../../lib/ksdk_platform_lib/kds/KL26Z4/debug/libksdk_platform.a(fsl_clock_MKL26Z4.o)
                0x00005248                CLOCK_SYS_EnablePortClock
 .text.CLOCK_SYS_EnableI2cClock
                0x00005294       0x4c C:/Freescale/KSDK_1.3.0/examples/frdmkl26z/demo_apps/bubble_level_tpm/kds/../../../../../lib/ksdk_platform_lib/kds/KL26Z4/debug/libksdk_platform.a(fsl_clock_MKL26Z4.o)
                0x00005294                CLOCK_SYS_EnableI2cClock
 .text.CLOCK_SYS_EnableLpsciClock
                0x000052e0       0x40 C:/Freescale/KSDK_1.3.0/examples/frdmkl26z/demo_apps/bubble_level_tpm/kds/../../../../../lib/ksdk_platform_lib/kds/KL26Z4/debug/libksdk_platform.a(fsl_clock_MKL26Z4.o)
                0x000052e0                CLOCK_SYS_EnableLpsciClock
 .text.CLOCK_SYS_EnableUartClock
                0x00005320       0x4c C:/Freescale/KSDK_1.3.0/examples/frdmkl26z/demo_apps/bubble_level_tpm/kds/../../../../../lib/ksdk_platform_lib/kds/KL26Z4/debug/libksdk_platform.a(fsl_clock_MKL26Z4.o)
                0x00005320                CLOCK_SYS_EnableUartClock
 .text.CLOCK_SYS_EnableTpmClock
                0x0000536c       0x4c C:/Freescale/KSDK_1.3.0/examples/frdmkl26z/demo_apps/bubble_level_tpm/kds/../../../../../lib/ksdk_platform_lib/kds/KL26Z4/debug/libksdk_platform.a(fsl_clock_MKL26Z4.o)
                0x0000536c                CLOCK_SYS_EnableTpmClock
 .text.CLOCK_HAL_SetClkOutSrc
                0x000053b8       0x28 C:/Freescale/KSDK_1.3.0/examples/frdmkl26z/demo_apps/bubble_level_tpm/kds/../../../../../lib/ksdk_platform_lib/kds/KL26Z4/debug/libksdk_platform.a(fsl_clock_manager.o)
 .text.CLOCK_HAL_SetClksFrdivIrefs
                0x000053e0       0x60 C:/Freescale/KSDK_1.3.0/examples/frdmkl26z/demo_apps/bubble_level_tpm/kds/../../../../../lib/ksdk_platform_lib/kds/KL26Z4/debug/libksdk_platform.a(fsl_clock_manager.o)
 .text.CLOCK_HAL_GetClkOutStat
                0x00005440       0x20 C:/Freescale/KSDK_1.3.0/examples/frdmkl26z/demo_apps/bubble_level_tpm/kds/../../../../../lib/ksdk_platform_lib/kds/KL26Z4/debug/libksdk_platform.a(fsl_clock_manager.o)
 .text.CLOCK_HAL_GetFllSrc
                0x00005460       0x20 C:/Freescale/KSDK_1.3.0/examples/frdmkl26z/demo_apps/bubble_level_tpm/kds/../../../../../lib/ksdk_platform_lib/kds/KL26Z4/debug/libksdk_platform.a(fsl_clock_manager.o)
 .text.CLOCK_HAL_IsOsc0Stable
                0x00005480       0x24 C:/Freescale/KSDK_1.3.0/examples/frdmkl26z/demo_apps/bubble_level_tpm/kds/../../../../../lib/ksdk_platform_lib/kds/KL26Z4/debug/libksdk_platform.a(fsl_clock_manager.o)
 .text.OSC_HAL_SetExternalRefClkCmd
                0x000054a4       0x28 C:/Freescale/KSDK_1.3.0/examples/frdmkl26z/demo_apps/bubble_level_tpm/kds/../../../../../lib/ksdk_platform_lib/kds/KL26Z4/debug/libksdk_platform.a(fsl_clock_manager.o)
 .text.OSC_HAL_SetExternalRefClkInStopModeCmd
                0x000054cc       0x28 C:/Freescale/KSDK_1.3.0/examples/frdmkl26z/demo_apps/bubble_level_tpm/kds/../../../../../lib/ksdk_platform_lib/kds/KL26Z4/debug/libksdk_platform.a(fsl_clock_manager.o)
 .text.CLOCK_SYS_BootToPee
                0x000054f4       0xd0 C:/Freescale/KSDK_1.3.0/examples/frdmkl26z/demo_apps/bubble_level_tpm/kds/../../../../../lib/ksdk_platform_lib/kds/KL26Z4/debug/libksdk_platform.a(fsl_clock_manager.o)
                0x000054f4                CLOCK_SYS_BootToPee
 .text.CLOCK_SYS_OscInit
                0x000055c4       0xf0 C:/Freescale/KSDK_1.3.0/examples/frdmkl26z/demo_apps/bubble_level_tpm/kds/../../../../../lib/ksdk_platform_lib/kds/KL26Z4/debug/libksdk_platform.a(fsl_clock_manager.o)
                0x000055c4                CLOCK_SYS_OscInit
 .text.CLOCK_SYS_SetOscerConfigration
                0x000056b4       0x3c C:/Freescale/KSDK_1.3.0/examples/frdmkl26z/demo_apps/bubble_level_tpm/kds/../../../../../lib/ksdk_platform_lib/kds/KL26Z4/debug/libksdk_platform.a(fsl_clock_manager.o)
                0x000056b4                CLOCK_SYS_SetOscerConfigration
 .text.SIM_HAL_EnableClock
                0x000056f0       0x58 C:/Freescale/KSDK_1.3.0/examples/frdmkl26z/demo_apps/bubble_level_tpm/kds/../../../../../lib/ksdk_platform_lib/kds/KL26Z4/debug/libksdk_platform.a(fsl_os_abstraction_bm.o)
 .text.CLOCK_SYS_EnableLptmrClock
                0x00005748       0x1c C:/Freescale/KSDK_1.3.0/examples/frdmkl26z/demo_apps/bubble_level_tpm/kds/../../../../../lib/ksdk_platform_lib/kds/KL26Z4/debug/libksdk_platform.a(fsl_os_abstraction_bm.o)
 .text.LPTMR_HAL_Enable
                0x00005764       0x1c C:/Freescale/KSDK_1.3.0/examples/frdmkl26z/demo_apps/bubble_level_tpm/kds/../../../../../lib/ksdk_platform_lib/kds/KL26Z4/debug/libksdk_platform.a(fsl_os_abstraction_bm.o)
 .text.LPTMR_HAL_Disable
                0x00005780       0x1c C:/Freescale/KSDK_1.3.0/examples/frdmkl26z/demo_apps/bubble_level_tpm/kds/../../../../../lib/ksdk_platform_lib/kds/KL26Z4/debug/libksdk_platform.a(fsl_os_abstraction_bm.o)
 .text.LPTMR_HAL_SetIntCmd
                0x0000579c       0x24 C:/Freescale/KSDK_1.3.0/examples/frdmkl26z/demo_apps/bubble_level_tpm/kds/../../../../../lib/ksdk_platform_lib/kds/KL26Z4/debug/libksdk_platform.a(fsl_os_abstraction_bm.o)
 .text.OSA_TimeInit
                0x000057c0       0x60 C:/Freescale/KSDK_1.3.0/examples/frdmkl26z/demo_apps/bubble_level_tpm/kds/../../../../../lib/ksdk_platform_lib/kds/KL26Z4/debug/libksdk_platform.a(fsl_os_abstraction_bm.o)
                0x000057c0                OSA_TimeInit
 .text.OSA_TimeDiff
                0x00005820       0x30 C:/Freescale/KSDK_1.3.0/examples/frdmkl26z/demo_apps/bubble_level_tpm/kds/../../../../../lib/ksdk_platform_lib/kds/KL26Z4/debug/libksdk_platform.a(fsl_os_abstraction_bm.o)
                0x00005820                OSA_TimeDiff
 .text.OSA_SemaCreate
                0x00005850       0x54 C:/Freescale/KSDK_1.3.0/examples/frdmkl26z/demo_apps/bubble_level_tpm/kds/../../../../../lib/ksdk_platform_lib/kds/KL26Z4/debug/libksdk_platform.a(fsl_os_abstraction_bm.o)
                0x00005850                OSA_SemaCreate
 .text.OSA_SemaWait
                0x000058a4       0xc8 C:/Freescale/KSDK_1.3.0/examples/frdmkl26z/demo_apps/bubble_level_tpm/kds/../../../../../lib/ksdk_platform_lib/kds/KL26Z4/debug/libksdk_platform.a(fsl_os_abstraction_bm.o)
                0x000058a4                OSA_SemaWait
 .text.OSA_SemaPost
                0x0000596c       0x58 C:/Freescale/KSDK_1.3.0/examples/frdmkl26z/demo_apps/bubble_level_tpm/kds/../../../../../lib/ksdk_platform_lib/kds/KL26Z4/debug/libksdk_platform.a(fsl_os_abstraction_bm.o)
                0x0000596c                OSA_SemaPost
 .text.OSA_EventSet
                0x000059c4       0x4c C:/Freescale/KSDK_1.3.0/examples/frdmkl26z/demo_apps/bubble_level_tpm/kds/../../../../../lib/ksdk_platform_lib/kds/KL26Z4/debug/libksdk_platform.a(fsl_os_abstraction_bm.o)
                0x000059c4                OSA_EventSet
 .text.task_init
                0x00005a10       0x60 C:/Freescale/KSDK_1.3.0/examples/frdmkl26z/demo_apps/bubble_level_tpm/kds/../../../../../lib/ksdk_platform_lib/kds/KL26Z4/debug/libksdk_platform.a(fsl_os_abstraction_bm.o)
                0x00005a10                task_init
 .text.OSA_TimeDelay
                0x00005a70       0x34 C:/Freescale/KSDK_1.3.0/examples/frdmkl26z/demo_apps/bubble_level_tpm/kds/../../../../../lib/ksdk_platform_lib/kds/KL26Z4/debug/libksdk_platform.a(fsl_os_abstraction_bm.o)
                0x00005a70                OSA_TimeDelay
 .text.OSA_TimeGetMsec
                0x00005aa4       0x18 C:/Freescale/KSDK_1.3.0/examples/frdmkl26z/demo_apps/bubble_level_tpm/kds/../../../../../lib/ksdk_platform_lib/kds/KL26Z4/debug/libksdk_platform.a(fsl_os_abstraction_bm.o)
                0x00005aa4                OSA_TimeGetMsec
 .text.OSA_Init
                0x00005abc       0x14 C:/Freescale/KSDK_1.3.0/examples/frdmkl26z/demo_apps/bubble_level_tpm/kds/../../../../../lib/ksdk_platform_lib/kds/KL26Z4/debug/libksdk_platform.a(fsl_os_abstraction_bm.o)
                0x00005abc                OSA_Init
 .text.TPM_HAL_GetClockMode
                0x00005ad0       0x20 C:/Freescale/KSDK_1.3.0/examples/frdmkl26z/demo_apps/bubble_level_tpm/kds/../../../../../lib/ksdk_platform_lib/kds/KL26Z4/debug/libksdk_platform.a(fsl_tpm_hal.o)
 .text.TPM_HAL_SetCpwms
                0x00005af0       0x48 C:/Freescale/KSDK_1.3.0/examples/frdmkl26z/demo_apps/bubble_level_tpm/kds/../../../../../lib/ksdk_platform_lib/kds/KL26Z4/debug/libksdk_platform.a(fsl_tpm_hal.o)
 .text.TPM_HAL_GetCpwms
                0x00005b38       0x20 C:/Freescale/KSDK_1.3.0/examples/frdmkl26z/demo_apps/bubble_level_tpm/kds/../../../../../lib/ksdk_platform_lib/kds/KL26Z4/debug/libksdk_platform.a(fsl_tpm_hal.o)
 .text.TPM_HAL_SetChnMsnbaElsnbaVal
                0x00005b58       0x6c C:/Freescale/KSDK_1.3.0/examples/frdmkl26z/demo_apps/bubble_level_tpm/kds/../../../../../lib/ksdk_platform_lib/kds/KL26Z4/debug/libksdk_platform.a(fsl_tpm_hal.o)
 .text.TPM_HAL_GetChnMsnbaVal
                0x00005bc4       0x50 C:/Freescale/KSDK_1.3.0/examples/frdmkl26z/demo_apps/bubble_level_tpm/kds/../../../../../lib/ksdk_platform_lib/kds/KL26Z4/debug/libksdk_platform.a(fsl_tpm_hal.o)
 .text.TPM_HAL_EnablePwmMode
                0x00005c14       0xa8 C:/Freescale/KSDK_1.3.0/examples/frdmkl26z/demo_apps/bubble_level_tpm/kds/../../../../../lib/ksdk_platform_lib/kds/KL26Z4/debug/libksdk_platform.a(fsl_tpm_hal.o)
                0x00005c14                TPM_HAL_EnablePwmMode
 .text.TPM_HAL_DisableChn
                0x00005cbc       0x24 C:/Freescale/KSDK_1.3.0/examples/frdmkl26z/demo_apps/bubble_level_tpm/kds/../../../../../lib/ksdk_platform_lib/kds/KL26Z4/debug/libksdk_platform.a(fsl_tpm_hal.o)
                0x00005cbc                TPM_HAL_DisableChn
 .text.TPM_HAL_SetClockMode
                0x00005ce0       0x3c C:/Freescale/KSDK_1.3.0/examples/frdmkl26z/demo_apps/bubble_level_tpm/kds/../../../../../lib/ksdk_platform_lib/kds/KL26Z4/debug/libksdk_platform.a(fsl_tpm_hal.o)
                0x00005ce0                TPM_HAL_SetClockMode
 .text.TPM_HAL_Reset
                0x00005d1c       0x60 C:/Freescale/KSDK_1.3.0/examples/frdmkl26z/demo_apps/bubble_level_tpm/kds/../../../../../lib/ksdk_platform_lib/kds/KL26Z4/debug/libksdk_platform.a(fsl_tpm_hal.o)
                0x00005d1c                TPM_HAL_Reset
 .text.CLOCK_HAL_SetOutDiv
                0x00005d7c       0x50 C:/Freescale/KSDK_1.3.0/examples/frdmkl26z/demo_apps/bubble_level_tpm/kds/../../../../../lib/ksdk_platform_lib/kds/KL26Z4/debug/libksdk_platform.a(fsl_sim_hal_MKL26Z4.o)
                0x00005d7c                CLOCK_HAL_SetOutDiv
 .text.SIM_HAL_GetTpmExternalClkPinSelMode
                0x00005dcc       0x98 C:/Freescale/KSDK_1.3.0/examples/frdmkl26z/demo_apps/bubble_level_tpm/kds/../../../../../lib/ksdk_platform_lib/kds/KL26Z4/debug/libksdk_platform.a(fsl_sim_hal_MKL26Z4.o)
                0x00005dcc                SIM_HAL_GetTpmExternalClkPinSelMode
 .text.OSC_HAL_SetCapacitor
                0x00005e64       0x28 C:/Freescale/KSDK_1.3.0/examples/frdmkl26z/demo_apps/bubble_level_tpm/kds/../../../../../lib/ksdk_platform_lib/kds/KL26Z4/debug/libksdk_platform.a(fsl_osc_hal.o)
                0x00005e64                OSC_HAL_SetCapacitor
 .text.CLOCK_HAL_GetClkOutStat
                0x00005e8c       0x20 C:/Freescale/KSDK_1.3.0/examples/frdmkl26z/demo_apps/bubble_level_tpm/kds/../../../../../lib/ksdk_platform_lib/kds/KL26Z4/debug/libksdk_platform.a(fsl_mcg_hal.o)
 .text.CLOCK_HAL_SetInternalRefClkMode
                0x00005eac       0x24 C:/Freescale/KSDK_1.3.0/examples/frdmkl26z/demo_apps/bubble_level_tpm/kds/../../../../../lib/ksdk_platform_lib/kds/KL26Z4/debug/libksdk_platform.a(fsl_mcg_hal.o)
 .text.CLOCK_HAL_GetInternalRefClkMode
                0x00005ed0       0x20 C:/Freescale/KSDK_1.3.0/examples/frdmkl26z/demo_apps/bubble_level_tpm/kds/../../../../../lib/ksdk_platform_lib/kds/KL26Z4/debug/libksdk_platform.a(fsl_mcg_hal.o)
 .text.CLOCK_HAL_IsPllSelected
                0x00005ef0       0x24 C:/Freescale/KSDK_1.3.0/examples/frdmkl26z/demo_apps/bubble_level_tpm/kds/../../../../../lib/ksdk_platform_lib/kds/KL26Z4/debug/libksdk_platform.a(fsl_mcg_hal.o)
 .text.CLOCK_HAL_IsOsc0Stable
                0x00005f14       0x24 C:/Freescale/KSDK_1.3.0/examples/frdmkl26z/demo_apps/bubble_level_tpm/kds/../../../../../lib/ksdk_platform_lib/kds/KL26Z4/debug/libksdk_platform.a(fsl_mcg_hal.o)
 .text.CLOCK_HAL_PrepareOsc
                0x00005f38       0x3c C:/Freescale/KSDK_1.3.0/examples/frdmkl26z/demo_apps/bubble_level_tpm/kds/../../../../../lib/ksdk_platform_lib/kds/KL26Z4/debug/libksdk_platform.a(fsl_mcg_hal.o)
                0x00005f38                CLOCK_HAL_PrepareOsc
 .text.CLOCK_HAL_GetMcgExternalClkFreq
                0x00005f74       0x18 C:/Freescale/KSDK_1.3.0/examples/frdmkl26z/demo_apps/bubble_level_tpm/kds/../../../../../lib/ksdk_platform_lib/kds/KL26Z4/debug/libksdk_platform.a(fsl_mcg_hal.o)
 .text.CLOCK_HAL_TestFllExternalRefFreq
                0x00005f8c       0x7c C:/Freescale/KSDK_1.3.0/examples/frdmkl26z/demo_apps/bubble_level_tpm/kds/../../../../../lib/ksdk_platform_lib/kds/KL26Z4/debug/libksdk_platform.a(fsl_mcg_hal.o)
                0x00005f8c                CLOCK_HAL_TestFllExternalRefFreq
 .text.CLOCK_HAL_GetFllRefClk
                0x00006008       0x8c C:/Freescale/KSDK_1.3.0/examples/frdmkl26z/demo_apps/bubble_level_tpm/kds/../../../../../lib/ksdk_platform_lib/kds/KL26Z4/debug/libksdk_platform.a(fsl_mcg_hal.o)
                0x00006008                CLOCK_HAL_GetFllRefClk
 .text.CLOCK_HAL_TestFllFreq
                0x00006094       0x6c C:/Freescale/KSDK_1.3.0/examples/frdmkl26z/demo_apps/bubble_level_tpm/kds/../../../../../lib/ksdk_platform_lib/kds/KL26Z4/debug/libksdk_platform.a(fsl_mcg_hal.o)
                0x00006094                CLOCK_HAL_TestFllFreq
 .text.CLOCK_HAL_GetFllClk
                0x00006100       0x7c C:/Freescale/KSDK_1.3.0/examples/frdmkl26z/demo_apps/bubble_level_tpm/kds/../../../../../lib/ksdk_platform_lib/kds/KL26Z4/debug/libksdk_platform.a(fsl_mcg_hal.o)
                0x00006100                CLOCK_HAL_GetFllClk
 .text.CLOCK_HAL_UpdateFastClkInternalRefDiv
                0x0000617c       0xb8 C:/Freescale/KSDK_1.3.0/examples/frdmkl26z/demo_apps/bubble_level_tpm/kds/../../../../../lib/ksdk_platform_lib/kds/KL26Z4/debug/libksdk_platform.a(fsl_mcg_hal.o)
                0x0000617c                CLOCK_HAL_UpdateFastClkInternalRefDiv
 .text.CLOCK_HAL_UpdateInternalRefClk
                0x00006234       0x8c C:/Freescale/KSDK_1.3.0/examples/frdmkl26z/demo_apps/bubble_level_tpm/kds/../../../../../lib/ksdk_platform_lib/kds/KL26Z4/debug/libksdk_platform.a(fsl_mcg_hal.o)
                0x00006234                CLOCK_HAL_UpdateInternalRefClk
 .text.CLOCK_HAL_GetPll0RefFreq
                0x000062c0       0x1c C:/Freescale/KSDK_1.3.0/examples/frdmkl26z/demo_apps/bubble_level_tpm/kds/../../../../../lib/ksdk_platform_lib/kds/KL26Z4/debug/libksdk_platform.a(fsl_mcg_hal.o)
                0x000062c0                CLOCK_HAL_GetPll0RefFreq
 .text.CLOCK_HAL_GetPll0Clk
                0x000062dc       0x90 C:/Freescale/KSDK_1.3.0/examples/frdmkl26z/demo_apps/bubble_level_tpm/kds/../../../../../lib/ksdk_platform_lib/kds/KL26Z4/debug/libksdk_platform.a(fsl_mcg_hal.o)
                0x000062dc                CLOCK_HAL_GetPll0Clk
 .text.CLOCK_HAL_GetInternalRefClk
                0x0000636c       0x64 C:/Freescale/KSDK_1.3.0/examples/frdmkl26z/demo_apps/bubble_level_tpm/kds/../../../../../lib/ksdk_platform_lib/kds/KL26Z4/debug/libksdk_platform.a(fsl_mcg_hal.o)
                0x0000636c                CLOCK_HAL_GetInternalRefClk
 .text.CLOCK_HAL_GetOutClk
                0x000063d0       0x7c C:/Freescale/KSDK_1.3.0/examples/frdmkl26z/demo_apps/bubble_level_tpm/kds/../../../../../lib/ksdk_platform_lib/kds/KL26Z4/debug/libksdk_platform.a(fsl_mcg_hal.o)
                0x000063d0                CLOCK_HAL_GetOutClk
 .text.CLOCK_HAL_SetOsc0Mode
                0x0000644c       0x68 C:/Freescale/KSDK_1.3.0/examples/frdmkl26z/demo_apps/bubble_level_tpm/kds/../../../../../lib/ksdk_platform_lib/kds/KL26Z4/debug/libksdk_platform.a(fsl_mcg_hal.o)
                0x0000644c                CLOCK_HAL_SetOsc0Mode
 .text.CLOCK_HAL_GetClkOutStat
                0x000064b4       0x20 C:/Freescale/KSDK_1.3.0/examples/frdmkl26z/demo_apps/bubble_level_tpm/kds/../../../../../lib/ksdk_platform_lib/kds/KL26Z4/debug/libksdk_platform.a(fsl_mcg_hal_modes.o)
 .text.CLOCK_HAL_SetPll0EnableCmd
                0x000064d4       0x28 C:/Freescale/KSDK_1.3.0/examples/frdmkl26z/demo_apps/bubble_level_tpm/kds/../../../../../lib/ksdk_platform_lib/kds/KL26Z4/debug/libksdk_platform.a(fsl_mcg_hal_modes.o)
 .text.CLOCK_HAL_IsPll0Locked
                0x000064fc       0x24 C:/Freescale/KSDK_1.3.0/examples/frdmkl26z/demo_apps/bubble_level_tpm/kds/../../../../../lib/ksdk_platform_lib/kds/KL26Z4/debug/libksdk_platform.a(fsl_mcg_hal_modes.o)
 .text.CLOCK_HAL_IsPllSelected
                0x00006520       0x24 C:/Freescale/KSDK_1.3.0/examples/frdmkl26z/demo_apps/bubble_level_tpm/kds/../../../../../lib/ksdk_platform_lib/kds/KL26Z4/debug/libksdk_platform.a(fsl_mcg_hal_modes.o)
 .text.CLOCK_HAL_SetPbeMode
                0x00006544      0x100 C:/Freescale/KSDK_1.3.0/examples/frdmkl26z/demo_apps/bubble_level_tpm/kds/../../../../../lib/ksdk_platform_lib/kds/KL26Z4/debug/libksdk_platform.a(fsl_mcg_hal_modes.o)
                0x00006544                CLOCK_HAL_SetPbeMode
 .text.LPTMR_HAL_SetTimerWorkingMode
                0x00006644       0x5c C:/Freescale/KSDK_1.3.0/examples/frdmkl26z/demo_apps/bubble_level_tpm/kds/../../../../../lib/ksdk_platform_lib/kds/KL26Z4/debug/libksdk_platform.a(fsl_lptmr_hal.o)
                0x00006644                LPTMR_HAL_SetTimerWorkingMode
 .text.LPTMR_HAL_SetPrescalerMode
                0x000066a0       0x3c C:/Freescale/KSDK_1.3.0/examples/frdmkl26z/demo_apps/bubble_level_tpm/kds/../../../../../lib/ksdk_platform_lib/kds/KL26Z4/debug/libksdk_platform.a(fsl_lptmr_hal.o)
                0x000066a0                LPTMR_HAL_SetPrescalerMode
 .text.LPTMR_HAL_GetCounterValue
                0x000066dc       0x2c C:/Freescale/KSDK_1.3.0/examples/frdmkl26z/demo_apps/bubble_level_tpm/kds/../../../../../lib/ksdk_platform_lib/kds/KL26Z4/debug/libksdk_platform.a(fsl_lptmr_hal.o)
                0x000066dc                LPTMR_HAL_GetCounterValue
 .text.INT_SYS_EnableIRQGlobal
                0x00006708       0x2c C:/Freescale/KSDK_1.3.0/examples/frdmkl26z/demo_apps/bubble_level_tpm/kds/../../../../../lib/ksdk_platform_lib/kds/KL26Z4/debug/libksdk_platform.a(fsl_interrupt_manager.o)
                0x00006708                INT_SYS_EnableIRQGlobal
 .text.INT_SYS_DisableIRQGlobal
                0x00006734       0x18 C:/Freescale/KSDK_1.3.0/examples/frdmkl26z/demo_apps/bubble_level_tpm/kds/../../../../../lib/ksdk_platform_lib/kds/KL26Z4/debug/libksdk_platform.a(fsl_interrupt_manager.o)
                0x00006734                INT_SYS_DisableIRQGlobal
 .text.I2C_HAL_GetStatusFlag
                0x0000674c       0x34 C:/Freescale/KSDK_1.3.0/examples/frdmkl26z/demo_apps/bubble_level_tpm/kds/../../../../../lib/ksdk_platform_lib/kds/KL26Z4/debug/libksdk_platform.a(fsl_i2c_hal.o)
 .text.I2C_HAL_Init
                0x00006780       0x50 C:/Freescale/KSDK_1.3.0/examples/frdmkl26z/demo_apps/bubble_level_tpm/kds/../../../../../lib/ksdk_platform_lib/kds/KL26Z4/debug/libksdk_platform.a(fsl_i2c_hal.o)
                0x00006780                I2C_HAL_Init
 .text.I2C_HAL_SetBaudRate
                0x000067d0       0xe0 C:/Freescale/KSDK_1.3.0/examples/frdmkl26z/demo_apps/bubble_level_tpm/kds/../../../../../lib/ksdk_platform_lib/kds/KL26Z4/debug/libksdk_platform.a(fsl_i2c_hal.o)
                0x000067d0                I2C_HAL_SetBaudRate
 .text.I2C_HAL_SendStart
                0x000068b0       0x8c C:/Freescale/KSDK_1.3.0/examples/frdmkl26z/demo_apps/bubble_level_tpm/kds/../../../../../lib/ksdk_platform_lib/kds/KL26Z4/debug/libksdk_platform.a(fsl_i2c_hal.o)
                0x000068b0                I2C_HAL_SendStart
 .text.I2C_HAL_SendStop
                0x0000693c       0x78 C:/Freescale/KSDK_1.3.0/examples/frdmkl26z/demo_apps/bubble_level_tpm/kds/../../../../../lib/ksdk_platform_lib/kds/KL26Z4/debug/libksdk_platform.a(fsl_i2c_hal.o)
                0x0000693c                I2C_HAL_SendStop
 .text.I2C_HAL_SetDirMode
                0x000069b4       0x28 C:/Freescale/KSDK_1.3.0/examples/frdmkl26z/demo_apps/bubble_level_tpm/kds/../../../../../lib/ksdk_platform_lib/kds/KL26Z4/debug/libksdk_platform.a(fsl_i2c_slave_driver.o)
 .text.I2C_HAL_GetDirMode
                0x000069dc       0x20 C:/Freescale/KSDK_1.3.0/examples/frdmkl26z/demo_apps/bubble_level_tpm/kds/../../../../../lib/ksdk_platform_lib/kds/KL26Z4/debug/libksdk_platform.a(fsl_i2c_slave_driver.o)
 .text.I2C_HAL_ReadByte
                0x000069fc       0x18 C:/Freescale/KSDK_1.3.0/examples/frdmkl26z/demo_apps/bubble_level_tpm/kds/../../../../../lib/ksdk_platform_lib/kds/KL26Z4/debug/libksdk_platform.a(fsl_i2c_slave_driver.o)
 .text.I2C_HAL_WriteByte
                0x00006a14       0x1c C:/Freescale/KSDK_1.3.0/examples/frdmkl26z/demo_apps/bubble_level_tpm/kds/../../../../../lib/ksdk_platform_lib/kds/KL26Z4/debug/libksdk_platform.a(fsl_i2c_slave_driver.o)
 .text.I2C_HAL_GetStatusFlag
                0x00006a30       0x34 C:/Freescale/KSDK_1.3.0/examples/frdmkl26z/demo_apps/bubble_level_tpm/kds/../../../../../lib/ksdk_platform_lib/kds/KL26Z4/debug/libksdk_platform.a(fsl_i2c_slave_driver.o)
 .text.I2C_HAL_SetIntCmd
                0x00006a64       0x28 C:/Freescale/KSDK_1.3.0/examples/frdmkl26z/demo_apps/bubble_level_tpm/kds/../../../../../lib/ksdk_platform_lib/kds/KL26Z4/debug/libksdk_platform.a(fsl_i2c_slave_driver.o)
 .text.I2C_HAL_ClearInt
                0x00006a8c       0x14 C:/Freescale/KSDK_1.3.0/examples/frdmkl26z/demo_apps/bubble_level_tpm/kds/../../../../../lib/ksdk_platform_lib/kds/KL26Z4/debug/libksdk_platform.a(fsl_i2c_slave_driver.o)
 .text.I2C_HAL_GetStopFlag
                0x00006aa0       0x24 C:/Freescale/KSDK_1.3.0/examples/frdmkl26z/demo_apps/bubble_level_tpm/kds/../../../../../lib/ksdk_platform_lib/kds/KL26Z4/debug/libksdk_platform.a(fsl_i2c_slave_driver.o)
 .text.I2C_HAL_ClearStopFlag
                0x00006ac4       0x1c C:/Freescale/KSDK_1.3.0/examples/frdmkl26z/demo_apps/bubble_level_tpm/kds/../../../../../lib/ksdk_platform_lib/kds/KL26Z4/debug/libksdk_platform.a(fsl_i2c_slave_driver.o)
 .text.I2C_HAL_GetStartStopIntCmd
                0x00006ae0       0x24 C:/Freescale/KSDK_1.3.0/examples/frdmkl26z/demo_apps/bubble_level_tpm/kds/../../../../../lib/ksdk_platform_lib/kds/KL26Z4/debug/libksdk_platform.a(fsl_i2c_slave_driver.o)
 .text.I2C_HAL_GetStartFlag
                0x00006b04       0x24 C:/Freescale/KSDK_1.3.0/examples/frdmkl26z/demo_apps/bubble_level_tpm/kds/../../../../../lib/ksdk_platform_lib/kds/KL26Z4/debug/libksdk_platform.a(fsl_i2c_slave_driver.o)
 .text.I2C_HAL_ClearStartFlag
                0x00006b28       0x1c C:/Freescale/KSDK_1.3.0/examples/frdmkl26z/demo_apps/bubble_level_tpm/kds/../../../../../lib/ksdk_platform_lib/kds/KL26Z4/debug/libksdk_platform.a(fsl_i2c_slave_driver.o)
 .text.I2C_DRV_SlaveIRQHandler
                0x00006b44      0x3d4 C:/Freescale/KSDK_1.3.0/examples/frdmkl26z/demo_apps/bubble_level_tpm/kds/../../../../../lib/ksdk_platform_lib/kds/KL26Z4/debug/libksdk_platform.a(fsl_i2c_slave_driver.o)
                0x00006b44                I2C_DRV_SlaveIRQHandler
 .text.GPIO_HAL_SetPinDir
                0x00006f18       0x6c C:/Freescale/KSDK_1.3.0/examples/frdmkl26z/demo_apps/bubble_level_tpm/kds/../../../../../lib/ksdk_platform_lib/kds/KL26Z4/debug/libksdk_platform.a(fsl_gpio_hal.o)
                0x00006f18                GPIO_HAL_SetPinDir
 .text.GPIO_HAL_WritePinOutput
                0x00006f84       0x50 C:/Freescale/KSDK_1.3.0/examples/frdmkl26z/demo_apps/bubble_level_tpm/kds/../../../../../lib/ksdk_platform_lib/kds/KL26Z4/debug/libksdk_platform.a(fsl_gpio_hal.o)
                0x00006f84                GPIO_HAL_WritePinOutput
 .text.abs      0x00006fd4        0x8 c:/freescale/kds_v3/toolchain/bin/../lib/gcc/arm-none-eabi/4.8.4/../../../../arm-none-eabi/lib/armv6-m\libg_s.a(lib_a-abs.o)
                0x00006fd4                abs
 .text.__assert_func
                0x00006fdc       0x3c c:/freescale/kds_v3/toolchain/bin/../lib/gcc/arm-none-eabi/4.8.4/../../../../arm-none-eabi/lib/armv6-m\libg_s.a(lib_a-assert.o)
                0x00006fdc                __assert_func
 .text.__errno  0x00007018        0xc c:/freescale/kds_v3/toolchain/bin/../lib/gcc/arm-none-eabi/4.8.4/../../../../arm-none-eabi/lib/armv6-m\libg_s.a(lib_a-errno.o)
                0x00007018                __errno
 .text.exit     0x00007024       0x2c c:/freescale/kds_v3/toolchain/bin/../lib/gcc/arm-none-eabi/4.8.4/../../../../arm-none-eabi/lib/armv6-m\libg_s.a(lib_a-exit.o)
                0x00007024                exit
 .text.fprintf  0x00007050       0x24 c:/freescale/kds_v3/toolchain/bin/../lib/gcc/arm-none-eabi/4.8.4/../../../../arm-none-eabi/lib/armv6-m\libg_s.a(lib_a-fprintf.o)
                0x00007050                fiprintf
                0x00007050                fprintf
 .text.__libc_init_array
                0x00007074       0x4c c:/freescale/kds_v3/toolchain/bin/../lib/gcc/arm-none-eabi/4.8.4/../../../../arm-none-eabi/lib/armv6-m\libg_s.a(lib_a-init.o)
                0x00007074                __libc_init_array
 .text.memset   0x000070c0       0x10 c:/freescale/kds_v3/toolchain/bin/../lib/gcc/arm-none-eabi/4.8.4/../../../../arm-none-eabi/lib/armv6-m\libg_s.a(lib_a-memset.o)
                0x000070c0                memset
 .text._free_r  0x000070d0       0x90 c:/freescale/kds_v3/toolchain/bin/../lib/gcc/arm-none-eabi/4.8.4/../../../../arm-none-eabi/lib/armv6-m\libg_s.a(lib_a-nano-freer.o)
                0x000070d0                _free_r
 .text._malloc_r
                0x00007160       0xa8 c:/freescale/kds_v3/toolchain/bin/../lib/gcc/arm-none-eabi/4.8.4/../../../../arm-none-eabi/lib/armv6-m\libg_s.a(lib_a-nano-mallocr.o)
                0x00007160                _malloc_r
 .text._sbrk_r  0x00007208       0x24 c:/freescale/kds_v3/toolchain/bin/../lib/gcc/arm-none-eabi/4.8.4/../../../../arm-none-eabi/lib/armv6-m\libg_s.a(lib_a-sbrkr.o)
                0x00007208                _sbrk_r
 .text.strlen   0x0000722c        0xe c:/freescale/kds_v3/toolchain/bin/../lib/gcc/arm-none-eabi/4.8.4/../../../../arm-none-eabi/lib/armv6-m\libg_s.a(lib_a-strlen.o)
                0x0000722c                strlen
 .text.__sfputc_r
                0x0000723a       0x2a c:/freescale/kds_v3/toolchain/bin/../lib/gcc/arm-none-eabi/4.8.4/../../../../arm-none-eabi/lib/armv6-m\libg_s.a(lib_a-vfprintf.o)
 .text.__sfputs_r
                0x00007264       0x24 c:/freescale/kds_v3/toolchain/bin/../lib/gcc/arm-none-eabi/4.8.4/../../../../arm-none-eabi/lib/armv6-m\libg_s.a(lib_a-vfprintf.o)
                0x00007264                __sfputs_r
 .text._vfprintf_r
                0x00007288      0x210 c:/freescale/kds_v3/toolchain/bin/../lib/gcc/arm-none-eabi/4.8.4/../../../../arm-none-eabi/lib/armv6-m\libg_s.a(lib_a-vfprintf.o)
                0x00007288                _vfprintf_r
                0x00007288                _vfiprintf_r
 .text._printf_common
                0x00007498       0xe8 c:/freescale/kds_v3/toolchain/bin/../lib/gcc/arm-none-eabi/4.8.4/../../../../arm-none-eabi/lib/armv6-m\libg_s.a(lib_a-vfprintf_i.o)
                0x00007498                _printf_common
 .text._printf_i
                0x00007580      0x22c c:/freescale/kds_v3/toolchain/bin/../lib/gcc/arm-none-eabi/4.8.4/../../../../arm-none-eabi/lib/armv6-m\libg_s.a(lib_a-vfprintf_i.o)
                0x00007580                _printf_i
 .text.__swbuf_r
                0x000077ac       0xb0 c:/freescale/kds_v3/toolchain/bin/../lib/gcc/arm-none-eabi/4.8.4/../../../../arm-none-eabi/lib/armv6-m\libg_s.a(lib_a-wbuf.o)
                0x000077ac                __swbuf_r
 .text.__swsetup_r
                0x0000785c       0xe4 c:/freescale/kds_v3/toolchain/bin/../lib/gcc/arm-none-eabi/4.8.4/../../../../arm-none-eabi/lib/armv6-m\libg_s.a(lib_a-wsetup.o)
                0x0000785c                __swsetup_r
 .text.abort    0x00007940        0xe c:/freescale/kds_v3/toolchain/bin/../lib/gcc/arm-none-eabi/4.8.4/../../../../arm-none-eabi/lib/armv6-m\libg_s.a(lib_a-abort.o)
                0x00007940                abort
 .text.__sflush_r
                0x0000794e      0x112 c:/freescale/kds_v3/toolchain/bin/../lib/gcc/arm-none-eabi/4.8.4/../../../../arm-none-eabi/lib/armv6-m\libg_s.a(lib_a-fflush.o)
                0x0000794e                __sflush_r
 .text._fflush_r
                0x00007a60       0x58 c:/freescale/kds_v3/toolchain/bin/../lib/gcc/arm-none-eabi/4.8.4/../../../../arm-none-eabi/lib/armv6-m\libg_s.a(lib_a-fflush.o)
                0x00007a60                _fflush_r
 .text._cleanup_r
                0x00007ab8       0x34 c:/freescale/kds_v3/toolchain/bin/../lib/gcc/arm-none-eabi/4.8.4/../../../../arm-none-eabi/lib/armv6-m\libg_s.a(lib_a-findfp.o)
                0x00007ab8                _cleanup_r
 .text.std.isra.0
                0x00007aec       0x48 c:/freescale/kds_v3/toolchain/bin/../lib/gcc/arm-none-eabi/4.8.4/../../../../arm-none-eabi/lib/armv6-m\libg_s.a(lib_a-findfp.o)
 .text.__sfmoreglue
                0x00007b34       0x2c c:/freescale/kds_v3/toolchain/bin/../lib/gcc/arm-none-eabi/4.8.4/../../../../arm-none-eabi/lib/armv6-m\libg_s.a(lib_a-findfp.o)
                0x00007b34                __sfmoreglue
 .text.__sinit  0x00007b60       0x64 c:/freescale/kds_v3/toolchain/bin/../lib/gcc/arm-none-eabi/4.8.4/../../../../arm-none-eabi/lib/armv6-m\libg_s.a(lib_a-findfp.o)
                0x00007b60                __sinit
 .text.__sfp    0x00007bc4       0x7c c:/freescale/kds_v3/toolchain/bin/../lib/gcc/arm-none-eabi/4.8.4/../../../../arm-none-eabi/lib/armv6-m\libg_s.a(lib_a-findfp.o)
                0x00007bc4                __sfp
 .text.__smakebuf_r
                0x00007c40       0xa0 c:/freescale/kds_v3/toolchain/bin/../lib/gcc/arm-none-eabi/4.8.4/../../../../arm-none-eabi/lib/armv6-m\libg_s.a(lib_a-makebuf.o)
                0x00007c40                __smakebuf_r
 .text.memchr   0x00007ce0       0x16 c:/freescale/kds_v3/toolchain/bin/../lib/gcc/arm-none-eabi/4.8.4/../../../../arm-none-eabi/lib/armv6-m\libg_s.a(lib_a-memchr-stub.o)
                0x00007ce0                memchr
 .text._raise_r
                0x00007cf6       0x56 c:/freescale/kds_v3/toolchain/bin/../lib/gcc/arm-none-eabi/4.8.4/../../../../arm-none-eabi/lib/armv6-m\libg_s.a(lib_a-signal.o)
                0x00007cf6                _raise_r
 .text.raise    0x00007d4c       0x14 c:/freescale/kds_v3/toolchain/bin/../lib/gcc/arm-none-eabi/4.8.4/../../../../arm-none-eabi/lib/armv6-m\libg_s.a(lib_a-signal.o)
                0x00007d4c                raise
 .text._kill_r  0x00007d60       0x24 c:/freescale/kds_v3/toolchain/bin/../lib/gcc/arm-none-eabi/4.8.4/../../../../arm-none-eabi/lib/armv6-m\libg_s.a(lib_a-signalr.o)
                0x00007d60                _kill_r
 .text._getpid_r
                0x00007d84        0x8 c:/freescale/kds_v3/toolchain/bin/../lib/gcc/arm-none-eabi/4.8.4/../../../../arm-none-eabi/lib/armv6-m\libg_s.a(lib_a-signalr.o)
                0x00007d84                _getpid_r
 .text.__sread  0x00007d8c       0x28 c:/freescale/kds_v3/toolchain/bin/../lib/gcc/arm-none-eabi/4.8.4/../../../../arm-none-eabi/lib/armv6-m\libg_s.a(lib_a-stdio.o)
                0x00007d8c                __sread
 .text.__swrite
                0x00007db4       0x38 c:/freescale/kds_v3/toolchain/bin/../lib/gcc/arm-none-eabi/4.8.4/../../../../arm-none-eabi/lib/armv6-m\libg_s.a(lib_a-stdio.o)
                0x00007db4                __swrite
 .text.__sseek  0x00007dec       0x2c c:/freescale/kds_v3/toolchain/bin/../lib/gcc/arm-none-eabi/4.8.4/../../../../arm-none-eabi/lib/armv6-m\libg_s.a(lib_a-stdio.o)
                0x00007dec                __sseek
 .text.__sclose
                0x00007e18        0xc c:/freescale/kds_v3/toolchain/bin/../lib/gcc/arm-none-eabi/4.8.4/../../../../arm-none-eabi/lib/armv6-m\libg_s.a(lib_a-stdio.o)
                0x00007e18                __sclose
 .text._write_r
                0x00007e24       0x28 c:/freescale/kds_v3/toolchain/bin/../lib/gcc/arm-none-eabi/4.8.4/../../../../arm-none-eabi/lib/armv6-m\libg_s.a(lib_a-writer.o)
                0x00007e24                _write_r
 .text._close_r
                0x00007e4c       0x24 c:/freescale/kds_v3/toolchain/bin/../lib/gcc/arm-none-eabi/4.8.4/../../../../arm-none-eabi/lib/armv6-m\libg_s.a(lib_a-closer.o)
                0x00007e4c                _close_r
 .text._fstat_r
                0x00007e70       0x24 c:/freescale/kds_v3/toolchain/bin/../lib/gcc/arm-none-eabi/4.8.4/../../../../arm-none-eabi/lib/armv6-m\libg_s.a(lib_a-fstatr.o)
                0x00007e70                _fstat_r
 .text._isatty_r
                0x00007e94       0x24 c:/freescale/kds_v3/toolchain/bin/../lib/gcc/arm-none-eabi/4.8.4/../../../../arm-none-eabi/lib/armv6-m\libg_s.a(lib_a-isattyr.o)
                0x00007e94                _isatty_r
 .text._lseek_r
                0x00007eb8       0x28 c:/freescale/kds_v3/toolchain/bin/../lib/gcc/arm-none-eabi/4.8.4/../../../../arm-none-eabi/lib/armv6-m\libg_s.a(lib_a-lseekr.o)
                0x00007eb8                _lseek_r
 .text._read_r  0x00007ee0       0x28 c:/freescale/kds_v3/toolchain/bin/../lib/gcc/arm-none-eabi/4.8.4/../../../../arm-none-eabi/lib/armv6-m\libg_s.a(lib_a-readr.o)
                0x00007ee0                _read_r
 .text._close   0x00007f08       0x10 c:/freescale/kds_v3/toolchain/bin/../lib/gcc/arm-none-eabi/4.8.4/../../../../arm-none-eabi/lib/armv6-m\libnosys.a(close.o)
                0x00007f08                _close
 .text._fstat   0x00007f18       0x10 c:/freescale/kds_v3/toolchain/bin/../lib/gcc/arm-none-eabi/4.8.4/../../../../arm-none-eabi/lib/armv6-m\libnosys.a(fstat.o)
                0x00007f18                _fstat
 .text._getpid  0x00007f28       0x10 c:/freescale/kds_v3/toolchain/bin/../lib/gcc/arm-none-eabi/4.8.4/../../../../arm-none-eabi/lib/armv6-m\libnosys.a(getpid.o)
                0x00007f28                _getpid
 .text._isatty  0x00007f38       0x10 c:/freescale/kds_v3/toolchain/bin/../lib/gcc/arm-none-eabi/4.8.4/../../../../arm-none-eabi/lib/armv6-m\libnosys.a(isatty.o)
                0x00007f38                _isatty
 .text._kill    0x00007f48       0x10 c:/freescale/kds_v3/toolchain/bin/../lib/gcc/arm-none-eabi/4.8.4/../../../../arm-none-eabi/lib/armv6-m\libnosys.a(kill.o)
                0x00007f48                _kill
 .text._lseek   0x00007f58       0x10 c:/freescale/kds_v3/toolchain/bin/../lib/gcc/arm-none-eabi/4.8.4/../../../../arm-none-eabi/lib/armv6-m\libnosys.a(lseek.o)
                0x00007f58                _lseek
 .text._exit    0x00007f68        0x4 c:/freescale/kds_v3/toolchain/bin/../lib/gcc/arm-none-eabi/4.8.4/../../../../arm-none-eabi/lib/armv6-m\libnosys.a(_exit.o)
                0x00007f68                _exit
 *(.rodata)
 .rodata        0x00007f6c        0xc ./utilities/fsl_debug_console.o
 .rodata        0x00007f78       0x68 ./source/accel.o
 .rodata        0x00007fe0       0x74 ./source/fxos_api.o
 .rodata        0x00008054       0x18 ./source/main.o
 .rodata        0x0000806c       0x40 ./board/board.o
 .rodata        0x000080ac       0x40 ./board/hardware_init.o
 .rodata        0x000080ec       0x40 ./board/pin_mux.o
 .rodata        0x0000812c      0x1b8 ./operations.o
 .rodata        0x000082e4      0x1dc C:/Freescale/KSDK_1.3.0/examples/frdmkl26z/demo_apps/bubble_level_tpm/kds/../../../../../lib/ksdk_platform_lib/kds/KL26Z4/debug/libksdk_platform.a(fsl_tpm_driver.o)
 .rodata        0x000084c0      0x104 C:/Freescale/KSDK_1.3.0/examples/frdmkl26z/demo_apps/bubble_level_tpm/kds/../../../../../lib/ksdk_platform_lib/kds/KL26Z4/debug/libksdk_platform.a(fsl_i2c_master_driver.o)
 .rodata        0x000085c4       0x6c C:/Freescale/KSDK_1.3.0/examples/frdmkl26z/demo_apps/bubble_level_tpm/kds/../../../../../lib/ksdk_platform_lib/kds/KL26Z4/debug/libksdk_platform.a(fsl_i2c_shared_function.o)
 .rodata        0x00008630       0xf0 C:/Freescale/KSDK_1.3.0/examples/frdmkl26z/demo_apps/bubble_level_tpm/kds/../../../../../lib/ksdk_platform_lib/kds/KL26Z4/debug/libksdk_platform.a(fsl_gpio_driver.o)
 .rodata        0x00008720      0x22c C:/Freescale/KSDK_1.3.0/examples/frdmkl26z/demo_apps/bubble_level_tpm/kds/../../../../../lib/ksdk_platform_lib/kds/KL26Z4/debug/libksdk_platform.a(fsl_clock_MKL26Z4.o)
 .rodata        0x0000894c       0xcc C:/Freescale/KSDK_1.3.0/examples/frdmkl26z/demo_apps/bubble_level_tpm/kds/../../../../../lib/ksdk_platform_lib/kds/KL26Z4/debug/libksdk_platform.a(fsl_clock_manager.o)
 .rodata        0x00008a18       0x78 C:/Freescale/KSDK_1.3.0/examples/frdmkl26z/demo_apps/bubble_level_tpm/kds/../../../../../lib/ksdk_platform_lib/kds/KL26Z4/debug/libksdk_platform.a(fsl_os_abstraction_bm.o)
 .rodata        0x00008a90       0x64 C:/Freescale/KSDK_1.3.0/examples/frdmkl26z/demo_apps/bubble_level_tpm/kds/../../../../../lib/ksdk_platform_lib/kds/KL26Z4/debug/libksdk_platform.a(fsl_tpm_hal.o)
 .rodata        0x00008af4       0xb8 C:/Freescale/KSDK_1.3.0/examples/frdmkl26z/demo_apps/bubble_level_tpm/kds/../../../../../lib/ksdk_platform_lib/kds/KL26Z4/debug/libksdk_platform.a(fsl_sim_hal_MKL26Z4.o)
 .rodata        0x00008bac       0x58 C:/Freescale/KSDK_1.3.0/examples/frdmkl26z/demo_apps/bubble_level_tpm/kds/../../../../../lib/ksdk_platform_lib/kds/KL26Z4/debug/libksdk_platform.a(fsl_i2c_hal.o)
 .rodata        0x00008c04       0xf8 C:/Freescale/KSDK_1.3.0/examples/frdmkl26z/demo_apps/bubble_level_tpm/kds/../../../../../lib/ksdk_platform_lib/kds/KL26Z4/debug/libksdk_platform.a(fsl_i2c_slave_driver.o)
 .rodata        0x00008cfc       0x4c C:/Freescale/KSDK_1.3.0/examples/frdmkl26z/demo_apps/bubble_level_tpm/kds/../../../../../lib/ksdk_platform_lib/kds/KL26Z4/debug/libksdk_platform.a(fsl_gpio_hal.o)
 .rodata        0x00008d48       0x40 c:/freescale/kds_v3/toolchain/bin/../lib/gcc/arm-none-eabi/4.8.4/armv6-m\libgcc.a(muldf3.o)
 *(.rodata*)
 .rodata._doprint
                0x00008d88       0xc8 ./utilities/print_scan.o
 .rodata.g_defaultClockConfigRun
                0x00008e50       0x14 ./board/board.o
                0x00008e50                g_defaultClockConfigRun
 .rodata.__func__.5036
                0x00008e64       0x14 ./board/board.o
 .rodata.__func__.5036
                0x00008e78       0x14 ./board/hardware_init.o
 .rodata.__func__.5014
                0x00008e8c       0x14 ./board/pin_mux.o
 .rodata.__func__.6523
                0x00008ea0       0x10 C:/Freescale/KSDK_1.3.0/examples/frdmkl26z/demo_apps/bubble_level_tpm/kds/../../../../../lib/ksdk_platform_lib/kds/KL26Z4/debug/libksdk_platform.a(fsl_tpm_driver.o)
 .rodata.__func__.5182
                0x00008eb0       0x14 C:/Freescale/KSDK_1.3.0/examples/frdmkl26z/demo_apps/bubble_level_tpm/kds/../../../../../lib/ksdk_platform_lib/kds/KL26Z4/debug/libksdk_platform.a(fsl_tpm_driver.o)
 .rodata.__func__.6530
                0x00008ec4       0x14 C:/Freescale/KSDK_1.3.0/examples/frdmkl26z/demo_apps/bubble_level_tpm/kds/../../../../../lib/ksdk_platform_lib/kds/KL26Z4/debug/libksdk_platform.a(fsl_tpm_driver.o)
 .rodata.__func__.6535
                0x00008ed8       0x14 C:/Freescale/KSDK_1.3.0/examples/frdmkl26z/demo_apps/bubble_level_tpm/kds/../../../../../lib/ksdk_platform_lib/kds/KL26Z4/debug/libksdk_platform.a(fsl_tpm_driver.o)
 .rodata.__func__.6570
                0x00008eec       0x14 C:/Freescale/KSDK_1.3.0/examples/frdmkl26z/demo_apps/bubble_level_tpm/kds/../../../../../lib/ksdk_platform_lib/kds/KL26Z4/debug/libksdk_platform.a(fsl_tpm_driver.o)
 .rodata.__func__.5121
                0x00008f00       0x18 C:/Freescale/KSDK_1.3.0/examples/frdmkl26z/demo_apps/bubble_level_tpm/kds/../../../../../lib/ksdk_platform_lib/kds/KL26Z4/debug/libksdk_platform.a(fsl_tpm_driver.o)
 .rodata.__func__.6931
                0x00008f18       0x14 C:/Freescale/KSDK_1.3.0/examples/frdmkl26z/demo_apps/bubble_level_tpm/kds/../../../../../lib/ksdk_platform_lib/kds/KL26Z4/debug/libksdk_platform.a(fsl_i2c_master_driver.o)
 .rodata.__func__.6888
                0x00008f2c       0x14 C:/Freescale/KSDK_1.3.0/examples/frdmkl26z/demo_apps/bubble_level_tpm/kds/../../../../../lib/ksdk_platform_lib/kds/KL26Z4/debug/libksdk_platform.a(fsl_i2c_master_driver.o)
 .rodata.__func__.6943
                0x00008f40       0x1c C:/Freescale/KSDK_1.3.0/examples/frdmkl26z/demo_apps/bubble_level_tpm/kds/../../../../../lib/ksdk_platform_lib/kds/KL26Z4/debug/libksdk_platform.a(fsl_i2c_master_driver.o)
 .rodata.__func__.7002
                0x00008f5c       0x1c C:/Freescale/KSDK_1.3.0/examples/frdmkl26z/demo_apps/bubble_level_tpm/kds/../../../../../lib/ksdk_platform_lib/kds/KL26Z4/debug/libksdk_platform.a(fsl_i2c_master_driver.o)
 .rodata.__func__.7015
                0x00008f78       0x14 C:/Freescale/KSDK_1.3.0/examples/frdmkl26z/demo_apps/bubble_level_tpm/kds/../../../../../lib/ksdk_platform_lib/kds/KL26Z4/debug/libksdk_platform.a(fsl_i2c_master_driver.o)
 .rodata.__func__.7023
                0x00008f8c       0x1c C:/Freescale/KSDK_1.3.0/examples/frdmkl26z/demo_apps/bubble_level_tpm/kds/../../../../../lib/ksdk_platform_lib/kds/KL26Z4/debug/libksdk_platform.a(fsl_i2c_master_driver.o)
 .rodata.__func__.7034
                0x00008fa8       0x14 C:/Freescale/KSDK_1.3.0/examples/frdmkl26z/demo_apps/bubble_level_tpm/kds/../../../../../lib/ksdk_platform_lib/kds/KL26Z4/debug/libksdk_platform.a(fsl_i2c_master_driver.o)
 .rodata.__func__.7054
                0x00008fbc       0x14 C:/Freescale/KSDK_1.3.0/examples/frdmkl26z/demo_apps/bubble_level_tpm/kds/../../../../../lib/ksdk_platform_lib/kds/KL26Z4/debug/libksdk_platform.a(fsl_i2c_master_driver.o)
 .rodata.__func__.7067
                0x00008fd0       0x18 C:/Freescale/KSDK_1.3.0/examples/frdmkl26z/demo_apps/bubble_level_tpm/kds/../../../../../lib/ksdk_platform_lib/kds/KL26Z4/debug/libksdk_platform.a(fsl_i2c_master_driver.o)
 .rodata.g_i2cBase
                0x00008fe8        0x8 C:/Freescale/KSDK_1.3.0/examples/frdmkl26z/demo_apps/bubble_level_tpm/kds/../../../../../lib/ksdk_platform_lib/kds/KL26Z4/debug/libksdk_platform.a(fsl_i2c_common.o)
                0x00008fe8                g_i2cBase
 .rodata.g_i2cIrqId
                0x00008ff0        0x4 C:/Freescale/KSDK_1.3.0/examples/frdmkl26z/demo_apps/bubble_level_tpm/kds/../../../../../lib/ksdk_platform_lib/kds/KL26Z4/debug/libksdk_platform.a(fsl_i2c_common.o)
                0x00008ff0                g_i2cIrqId
 .rodata.__func__.5200
                0x00008ff4       0x14 C:/Freescale/KSDK_1.3.0/examples/frdmkl26z/demo_apps/bubble_level_tpm/kds/../../../../../lib/ksdk_platform_lib/kds/KL26Z4/debug/libksdk_platform.a(fsl_i2c_shared_function.o)
 .rodata.__func__.5014
                0x00009008       0x14 C:/Freescale/KSDK_1.3.0/examples/frdmkl26z/demo_apps/bubble_level_tpm/kds/../../../../../lib/ksdk_platform_lib/kds/KL26Z4/debug/libksdk_platform.a(fsl_gpio_driver.o)
 .rodata.__func__.4990
                0x0000901c       0x14 C:/Freescale/KSDK_1.3.0/examples/frdmkl26z/demo_apps/bubble_level_tpm/kds/../../../../../lib/ksdk_platform_lib/kds/KL26Z4/debug/libksdk_platform.a(fsl_gpio_driver.o)
 .rodata.__func__.4984
                0x00009030       0x18 C:/Freescale/KSDK_1.3.0/examples/frdmkl26z/demo_apps/bubble_level_tpm/kds/../../../../../lib/ksdk_platform_lib/kds/KL26Z4/debug/libksdk_platform.a(fsl_gpio_driver.o)
 .rodata.__func__.5002
                0x00009048       0x20 C:/Freescale/KSDK_1.3.0/examples/frdmkl26z/demo_apps/bubble_level_tpm/kds/../../../../../lib/ksdk_platform_lib/kds/KL26Z4/debug/libksdk_platform.a(fsl_gpio_driver.o)
 .rodata.__func__.5028
                0x00009068       0x18 C:/Freescale/KSDK_1.3.0/examples/frdmkl26z/demo_apps/bubble_level_tpm/kds/../../../../../lib/ksdk_platform_lib/kds/KL26Z4/debug/libksdk_platform.a(fsl_gpio_driver.o)
 .rodata.__func__.6530
                0x00009080       0x14 C:/Freescale/KSDK_1.3.0/examples/frdmkl26z/demo_apps/bubble_level_tpm/kds/../../../../../lib/ksdk_platform_lib/kds/KL26Z4/debug/libksdk_platform.a(fsl_gpio_driver.o)
 .rodata.__func__.4996
                0x00009094       0x1c C:/Freescale/KSDK_1.3.0/examples/frdmkl26z/demo_apps/bubble_level_tpm/kds/../../../../../lib/ksdk_platform_lib/kds/KL26Z4/debug/libksdk_platform.a(fsl_gpio_driver.o)
 .rodata.__func__.5008
                0x000090b0       0x20 C:/Freescale/KSDK_1.3.0/examples/frdmkl26z/demo_apps/bubble_level_tpm/kds/../../../../../lib/ksdk_platform_lib/kds/KL26Z4/debug/libksdk_platform.a(fsl_gpio_driver.o)
 .rodata.__func__.5097
                0x000090d0       0x18 C:/Freescale/KSDK_1.3.0/examples/frdmkl26z/demo_apps/bubble_level_tpm/kds/../../../../../lib/ksdk_platform_lib/kds/KL26Z4/debug/libksdk_platform.a(fsl_gpio_driver.o)
 .rodata.__func__.5043
                0x000090e8       0x1c C:/Freescale/KSDK_1.3.0/examples/frdmkl26z/demo_apps/bubble_level_tpm/kds/../../../../../lib/ksdk_platform_lib/kds/KL26Z4/debug/libksdk_platform.a(fsl_gpio_driver.o)
 .rodata.portGateTable
                0x00009104        0x8 C:/Freescale/KSDK_1.3.0/examples/frdmkl26z/demo_apps/bubble_level_tpm/kds/../../../../../lib/ksdk_platform_lib/kds/KL26Z4/debug/libksdk_platform.a(fsl_clock_MKL26Z4.o)
 .rodata.i2cGateTable
                0x0000910c        0x4 C:/Freescale/KSDK_1.3.0/examples/frdmkl26z/demo_apps/bubble_level_tpm/kds/../../../../../lib/ksdk_platform_lib/kds/KL26Z4/debug/libksdk_platform.a(fsl_clock_MKL26Z4.o)
 .rodata.uartGateTable
                0x00009110        0x4 C:/Freescale/KSDK_1.3.0/examples/frdmkl26z/demo_apps/bubble_level_tpm/kds/../../../../../lib/ksdk_platform_lib/kds/KL26Z4/debug/libksdk_platform.a(fsl_clock_MKL26Z4.o)
 .rodata.tpmGateTable
                0x00009114        0x4 C:/Freescale/KSDK_1.3.0/examples/frdmkl26z/demo_apps/bubble_level_tpm/kds/../../../../../lib/ksdk_platform_lib/kds/KL26Z4/debug/libksdk_platform.a(fsl_clock_MKL26Z4.o)
 .rodata.__func__.6364
                0x00009118       0x1c C:/Freescale/KSDK_1.3.0/examples/frdmkl26z/demo_apps/bubble_level_tpm/kds/../../../../../lib/ksdk_platform_lib/kds/KL26Z4/debug/libksdk_platform.a(fsl_clock_MKL26Z4.o)
 .rodata.__func__.6416
                0x00009134       0x1c C:/Freescale/KSDK_1.3.0/examples/frdmkl26z/demo_apps/bubble_level_tpm/kds/../../../../../lib/ksdk_platform_lib/kds/KL26Z4/debug/libksdk_platform.a(fsl_clock_MKL26Z4.o)
 .rodata.__func__.6437
                0x00009150       0x1c C:/Freescale/KSDK_1.3.0/examples/frdmkl26z/demo_apps/bubble_level_tpm/kds/../../../../../lib/ksdk_platform_lib/kds/KL26Z4/debug/libksdk_platform.a(fsl_clock_MKL26Z4.o)
 .rodata.__func__.6442
                0x0000916c       0x1c C:/Freescale/KSDK_1.3.0/examples/frdmkl26z/demo_apps/bubble_level_tpm/kds/../../../../../lib/ksdk_platform_lib/kds/KL26Z4/debug/libksdk_platform.a(fsl_clock_MKL26Z4.o)
 .rodata.__func__.6455
                0x00009188       0x1c C:/Freescale/KSDK_1.3.0/examples/frdmkl26z/demo_apps/bubble_level_tpm/kds/../../../../../lib/ksdk_platform_lib/kds/KL26Z4/debug/libksdk_platform.a(fsl_clock_MKL26Z4.o)
 .rodata.__func__.6665
                0x000091a4       0x14 C:/Freescale/KSDK_1.3.0/examples/frdmkl26z/demo_apps/bubble_level_tpm/kds/../../../../../lib/ksdk_platform_lib/kds/KL26Z4/debug/libksdk_platform.a(fsl_clock_manager.o)
 .rodata.g_oscBase
                0x000091b8        0x4 C:/Freescale/KSDK_1.3.0/examples/frdmkl26z/demo_apps/bubble_level_tpm/kds/../../../../../lib/ksdk_platform_lib/kds/KL26Z4/debug/libksdk_platform.a(fsl_clock_manager_common.o)
                0x000091b8                g_oscBase
 .rodata.__func__.6507
                0x000091bc       0x10 C:/Freescale/KSDK_1.3.0/examples/frdmkl26z/demo_apps/bubble_level_tpm/kds/../../../../../lib/ksdk_platform_lib/kds/KL26Z4/debug/libksdk_platform.a(fsl_os_abstraction_bm.o)
 .rodata.__func__.6513
                0x000091cc       0x10 C:/Freescale/KSDK_1.3.0/examples/frdmkl26z/demo_apps/bubble_level_tpm/kds/../../../../../lib/ksdk_platform_lib/kds/KL26Z4/debug/libksdk_platform.a(fsl_os_abstraction_bm.o)
 .rodata.__func__.6517
                0x000091dc       0x10 C:/Freescale/KSDK_1.3.0/examples/frdmkl26z/demo_apps/bubble_level_tpm/kds/../../../../../lib/ksdk_platform_lib/kds/KL26Z4/debug/libksdk_platform.a(fsl_os_abstraction_bm.o)
 .rodata.__func__.6563
                0x000091ec       0x10 C:/Freescale/KSDK_1.3.0/examples/frdmkl26z/demo_apps/bubble_level_tpm/kds/../../../../../lib/ksdk_platform_lib/kds/KL26Z4/debug/libksdk_platform.a(fsl_os_abstraction_bm.o)
 .rodata.g_tpmChannelCount
                0x000091fc        0xc C:/Freescale/KSDK_1.3.0/examples/frdmkl26z/demo_apps/bubble_level_tpm/kds/../../../../../lib/ksdk_platform_lib/kds/KL26Z4/debug/libksdk_platform.a(fsl_tpm_hal.o)
                0x000091fc                g_tpmChannelCount
 .rodata.__func__.5058
                0x00009208       0x14 C:/Freescale/KSDK_1.3.0/examples/frdmkl26z/demo_apps/bubble_level_tpm/kds/../../../../../lib/ksdk_platform_lib/kds/KL26Z4/debug/libksdk_platform.a(fsl_tpm_hal.o)
 .rodata.__func__.5080
                0x0000921c       0x20 C:/Freescale/KSDK_1.3.0/examples/frdmkl26z/demo_apps/bubble_level_tpm/kds/../../../../../lib/ksdk_platform_lib/kds/KL26Z4/debug/libksdk_platform.a(fsl_tpm_hal.o)
 .rodata.__func__.5085
                0x0000923c       0x18 C:/Freescale/KSDK_1.3.0/examples/frdmkl26z/demo_apps/bubble_level_tpm/kds/../../../../../lib/ksdk_platform_lib/kds/KL26Z4/debug/libksdk_platform.a(fsl_tpm_hal.o)
 .rodata.g_tpmBase
                0x00009254        0xc C:/Freescale/KSDK_1.3.0/examples/frdmkl26z/demo_apps/bubble_level_tpm/kds/../../../../../lib/ksdk_platform_lib/kds/KL26Z4/debug/libksdk_platform.a(fsl_tpm_common.o)
                0x00009254                g_tpmBase
 .rodata.g_tpmIrqId
                0x00009260        0x4 C:/Freescale/KSDK_1.3.0/examples/frdmkl26z/demo_apps/bubble_level_tpm/kds/../../../../../lib/ksdk_platform_lib/kds/KL26Z4/debug/libksdk_platform.a(fsl_tpm_common.o)
                0x00009260                g_tpmIrqId
 .rodata.__func__.5463
                0x00009264       0x24 C:/Freescale/KSDK_1.3.0/examples/frdmkl26z/demo_apps/bubble_level_tpm/kds/../../../../../lib/ksdk_platform_lib/kds/KL26Z4/debug/libksdk_platform.a(fsl_sim_hal_MKL26Z4.o)
 .rodata.fllFactorTable.5239
                0x00009288       0x10 C:/Freescale/KSDK_1.3.0/examples/frdmkl26z/demo_apps/bubble_level_tpm/kds/../../../../../lib/ksdk_platform_lib/kds/KL26Z4/debug/libksdk_platform.a(fsl_mcg_hal.o)
 .rodata.kI2CDividerTable
                0x00009298       0xc8 C:/Freescale/KSDK_1.3.0/examples/frdmkl26z/demo_apps/bubble_level_tpm/kds/../../../../../lib/ksdk_platform_lib/kds/KL26Z4/debug/libksdk_platform.a(fsl_i2c_hal.o)
                0x00009298                kI2CDividerTable
 .rodata.__func__.5220
                0x00009360       0x14 C:/Freescale/KSDK_1.3.0/examples/frdmkl26z/demo_apps/bubble_level_tpm/kds/../../../../../lib/ksdk_platform_lib/kds/KL26Z4/debug/libksdk_platform.a(fsl_i2c_hal.o)
 .rodata.__func__.6992
                0x00009374       0x18 C:/Freescale/KSDK_1.3.0/examples/frdmkl26z/demo_apps/bubble_level_tpm/kds/../../../../../lib/ksdk_platform_lib/kds/KL26Z4/debug/libksdk_platform.a(fsl_i2c_slave_driver.o)
 .rodata.__func__.5089
                0x0000938c       0x14 C:/Freescale/KSDK_1.3.0/examples/frdmkl26z/demo_apps/bubble_level_tpm/kds/../../../../../lib/ksdk_platform_lib/kds/KL26Z4/debug/libksdk_platform.a(fsl_gpio_hal.o)
 .rodata.__func__.5095
                0x000093a0       0x18 C:/Freescale/KSDK_1.3.0/examples/frdmkl26z/demo_apps/bubble_level_tpm/kds/../../../../../lib/ksdk_platform_lib/kds/KL26Z4/debug/libksdk_platform.a(fsl_gpio_hal.o)
 .rodata.g_gpioBase
                0x000093b8       0x14 C:/Freescale/KSDK_1.3.0/examples/frdmkl26z/demo_apps/bubble_level_tpm/kds/../../../../../lib/ksdk_platform_lib/kds/KL26Z4/debug/libksdk_platform.a(fsl_gpio_common.o)
                0x000093b8                g_gpioBase
 .rodata.g_portBase
                0x000093cc       0x14 C:/Freescale/KSDK_1.3.0/examples/frdmkl26z/demo_apps/bubble_level_tpm/kds/../../../../../lib/ksdk_platform_lib/kds/KL26Z4/debug/libksdk_platform.a(fsl_gpio_common.o)
                0x000093cc                g_portBase
 .rodata.g_portIrqId
                0x000093e0        0x8 C:/Freescale/KSDK_1.3.0/examples/frdmkl26z/demo_apps/bubble_level_tpm/kds/../../../../../lib/ksdk_platform_lib/kds/KL26Z4/debug/libksdk_platform.a(fsl_gpio_common.o)
                0x000093e0                g_portIrqId
 .rodata.str1.1
                0x000093e8       0x3c c:/freescale/kds_v3/toolchain/bin/../lib/gcc/arm-none-eabi/4.8.4/../../../../arm-none-eabi/lib/armv6-m\libg_s.a(lib_a-assert.o)
                                 0x3d (size before relaxing)
 .rodata.str1.1
                0x00009424        0x2 c:/freescale/kds_v3/toolchain/bin/../lib/gcc/arm-none-eabi/4.8.4/../../../../arm-none-eabi/lib/armv6-m\libg_s.a(lib_a-impure.o)
 *fill*         0x00009426        0x2 
 .rodata._global_impure_ptr
                0x00009428        0x4 c:/freescale/kds_v3/toolchain/bin/../lib/gcc/arm-none-eabi/4.8.4/../../../../arm-none-eabi/lib/armv6-m\libg_s.a(lib_a-impure.o)
                0x00009428                _global_impure_ptr
 .rodata.str1.1
                0x0000942c       0x11 c:/freescale/kds_v3/toolchain/bin/../lib/gcc/arm-none-eabi/4.8.4/../../../../arm-none-eabi/lib/armv6-m\libg_s.a(lib_a-vfprintf.o)
 .rodata.str1.1
                0x0000943d       0x22 c:/freescale/kds_v3/toolchain/bin/../lib/gcc/arm-none-eabi/4.8.4/../../../../arm-none-eabi/lib/armv6-m\libg_s.a(lib_a-vfprintf_i.o)
 *fill*         0x0000945f        0x1 
 .rodata.__sf_fake_stdin
                0x00009460       0x20 c:/freescale/kds_v3/toolchain/bin/../lib/gcc/arm-none-eabi/4.8.4/../../../../arm-none-eabi/lib/armv6-m\libg_s.a(lib_a-findfp.o)
                0x00009460                __sf_fake_stdin
 .rodata.__sf_fake_stdout
                0x00009480       0x20 c:/freescale/kds_v3/toolchain/bin/../lib/gcc/arm-none-eabi/4.8.4/../../../../arm-none-eabi/lib/armv6-m\libg_s.a(lib_a-findfp.o)
                0x00009480                __sf_fake_stdout
 .rodata.__sf_fake_stderr
                0x000094a0       0x20 c:/freescale/kds_v3/toolchain/bin/../lib/gcc/arm-none-eabi/4.8.4/../../../../arm-none-eabi/lib/armv6-m\libg_s.a(lib_a-findfp.o)
                0x000094a0                __sf_fake_stderr
 *(.glue_7)
 .glue_7        0x00000000        0x0 linker stubs
 *(.glue_7t)
 .glue_7t       0x00000000        0x0 linker stubs
 *(.eh_frame)
 .eh_frame      0x000094c0        0x0 c:/freescale/kds_v3/toolchain/bin/../lib/gcc/arm-none-eabi/4.8.4/armv6-m/crtbegin.o
 *(.init)
 .init          0x000094c0        0x4 c:/freescale/kds_v3/toolchain/bin/../lib/gcc/arm-none-eabi/4.8.4/armv6-m/crti.o
                0x000094c0                _init
 .init          0x000094c4        0x8 c:/freescale/kds_v3/toolchain/bin/../lib/gcc/arm-none-eabi/4.8.4/armv6-m/crtn.o
 *(.fini)
 .fini          0x000094cc        0x4 c:/freescale/kds_v3/toolchain/bin/../lib/gcc/arm-none-eabi/4.8.4/armv6-m/crti.o
                0x000094cc                _fini
 .fini          0x000094d0        0x8 c:/freescale/kds_v3/toolchain/bin/../lib/gcc/arm-none-eabi/4.8.4/armv6-m/crtn.o
                0x000094d8                . = ALIGN (0x4)

.vfp11_veneer   0x000094d8        0x0
 .vfp11_veneer  0x00000000        0x0 linker stubs

.v4_bx          0x000094d8        0x0
 .v4_bx         0x00000000        0x0 linker stubs

.iplt           0x000094d8        0x0
 .iplt          0x00000000        0x0 c:/freescale/kds_v3/toolchain/bin/../lib/gcc/arm-none-eabi/4.8.4/armv6-m/crtbegin.o

.ARM.extab
 *(.ARM.extab* .gnu.linkonce.armextab.*)

.ARM            0x000094d8        0x8
                0x000094d8                __exidx_start = .
 *(.ARM.exidx*)
 .ARM.exidx     0x000094d8        0x8 c:/freescale/kds_v3/toolchain/bin/../lib/gcc/arm-none-eabi/4.8.4/../../../../arm-none-eabi/lib/armv6-m/crt0.o
                0x000094e0                __exidx_end = .

.rel.dyn        0x000094e0        0x0
 .rel.iplt      0x00000000        0x0 c:/freescale/kds_v3/toolchain/bin/../lib/gcc/arm-none-eabi/4.8.4/armv6-m/crtbegin.o

.ctors          0x000094e0        0x0
                0x000094e0                __CTOR_LIST__ = .
 *crtbegin.o(.ctors)
 *crtbegin?.o(.ctors)
 *(EXCLUDE_FILE(*crtend.o *crtend?.o) .ctors)
 *(SORT(.ctors.*))
 *(.ctors)
                0x000094e0                __CTOR_END__ = .

.dtors          0x000094e0        0x0
                0x000094e0                __DTOR_LIST__ = .